Component: ARM Compiler 6.16 Tool: armlink [5dfeaa00]

==============================================================================

Section Cross References

    startup_stm32h750xx.o(STACK) refers (Special) to heapauxi.o(.text) for __use_two_region_memory
    startup_stm32h750xx.o(HEAP) refers (Special) to heapauxi.o(.text) for __use_two_region_memory
    startup_stm32h750xx.o(RESET) refers (Special) to heapauxi.o(.text) for __use_two_region_memory
    startup_stm32h750xx.o(RESET) refers to startup_stm32h750xx.o(STACK) for __initial_sp
    startup_stm32h750xx.o(RESET) refers to startup_stm32h750xx.o(.text) for Reset_Handler
    startup_stm32h750xx.o(RESET) refers to stm32h7xx_it.o(.text.NMI_Handler) for NMI_Handler
    startup_stm32h750xx.o(RESET) refers to stm32h7xx_it.o(.text.HardFault_Handler) for HardFault_Handler
    startup_stm32h750xx.o(RESET) refers to stm32h7xx_it.o(.text.MemManage_Handler) for MemManage_Handler
    startup_stm32h750xx.o(RESET) refers to stm32h7xx_it.o(.text.BusFault_Handler) for BusFault_Handler
    startup_stm32h750xx.o(RESET) refers to stm32h7xx_it.o(.text.UsageFault_Handler) for UsageFault_Handler
    startup_stm32h750xx.o(RESET) refers to stm32h7xx_it.o(.text.SVC_Handler) for SVC_Handler
    startup_stm32h750xx.o(RESET) refers to stm32h7xx_it.o(.text.DebugMon_Handler) for DebugMon_Handler
    startup_stm32h750xx.o(RESET) refers to stm32h7xx_it.o(.text.PendSV_Handler) for PendSV_Handler
    startup_stm32h750xx.o(RESET) refers to stm32h7xx_it.o(.text.SysTick_Handler) for SysTick_Handler
    startup_stm32h750xx.o(RESET) refers to stm32h7xx_it.o(.text.DMA1_Stream0_IRQHandler) for DMA1_Stream0_IRQHandler
    startup_stm32h750xx.o(RESET) refers to stm32h7xx_it.o(.text.TIM7_IRQHandler) for TIM7_IRQHandler
    startup_stm32h750xx.o(.text) refers (Special) to heapauxi.o(.text) for __use_two_region_memory
    startup_stm32h750xx.o(.text) refers to system_stm32h7xx.o(.text.ExitRun0Mode) for ExitRun0Mode
    startup_stm32h750xx.o(.text) refers to system_stm32h7xx.o(.text.SystemInit) for SystemInit
    startup_stm32h750xx.o(.text) refers to __main.o(!!!main) for __main
    startup_stm32h750xx.o(.text) refers to startup_stm32h750xx.o(HEAP) for Heap_Mem
    startup_stm32h750xx.o(.text) refers to startup_stm32h750xx.o(STACK) for Stack_Mem
    main.o(.text.show_wave) refers to st7735.o(.data.ST7735_LCD_Driver) for ST7735_LCD_Driver
    main.o(.text.show_wave) refers to st7735.o(.bss.ST7735Ctx) for ST7735Ctx
    main.o(.text.show_wave) refers to lcd.o(.bss.st7735_pObj) for st7735_pObj
    main.o(.text.show_wave) refers to st7735.o(.text.ST7735_SetPixel) for ST7735_SetPixel
    main.o(.ARM.exidx.text.show_wave) refers to main.o(.text.show_wave) for [Anonymous Symbol]
    main.o(.text.show_wave4) refers to st7735.o(.data.ST7735_LCD_Driver) for ST7735_LCD_Driver
    main.o(.text.show_wave4) refers to st7735.o(.bss.ST7735Ctx) for ST7735Ctx
    main.o(.text.show_wave4) refers to lcd.o(.bss.st7735_pObj) for st7735_pObj
    main.o(.text.show_wave4) refers to st7735.o(.text.ST7735_SetPixel) for ST7735_SetPixel
    main.o(.ARM.exidx.text.show_wave4) refers to main.o(.text.show_wave4) for [Anonymous Symbol]
    main.o(.ARM.exidx.text.uint32_to_str_dec) refers to main.o(.text.uint32_to_str_dec) for [Anonymous Symbol]
    main.o(.text.main) refers to main.o(.text.MPU_Config) for MPU_Config
    main.o(.text.main) refers to stm32h7xx_hal.o(.text.HAL_Init) for HAL_Init
    main.o(.text.main) refers to main.o(.text.SystemClock_Config) for SystemClock_Config
    main.o(.text.main) refers to gpio.o(.text.MX_GPIO_Init) for MX_GPIO_Init
    main.o(.text.main) refers to dma.o(.text.MX_DMA_Init) for MX_DMA_Init
    main.o(.text.main) refers to adc.o(.text.MX_ADC1_Init) for MX_ADC1_Init
    main.o(.text.main) refers to tim.o(.text.MX_TIM2_Init) for MX_TIM2_Init
    main.o(.text.main) refers to spi.o(.text.MX_SPI4_Init) for MX_SPI4_Init
    main.o(.text.main) refers to tim.o(.text.MX_TIM7_Init) for MX_TIM7_Init
    main.o(.text.main) refers to tim.o(.text.MX_TIM1_Init) for MX_TIM1_Init
    main.o(.text.main) refers to button_user.o(.text.button_init) for button_init
    main.o(.text.main) refers to lcd.o(.text.LCD_Test) for LCD_Test
    main.o(.text.main) refers to my_adc.o(.text.adc_init) for adc_init
    main.o(.text.main) refers to my_adc.o(.bss.adc_dma_finish_cnt) for adc_dma_finish_cnt
    main.o(.text.main) refers to fft.o(.bss.db) for db
    main.o(.text.main) refers to main.o(.bss.main.temp) for main.temp
    main.o(.text.main) refers to button_user.o(.bss.double_flag) for double_flag
    main.o(.text.main) refers to main.o(.text.show_wave4) for show_wave4
    main.o(.text.main) refers to fft.o(.bss.f) for f
    main.o(.text.main) refers to main.o(.bss.buf) for buf
    main.o(.text.main) refers to main.o(.text.uint32_to_str_dec) for uint32_to_str_dec
    main.o(.text.main) refers to lcd.o(.text.LCD_ShowString) for LCD_ShowString
    main.o(.text.main) refers to fft.o(.bss.a) for a
[...]
    __rt_lib_init_fp_1                       0x0800030f   Thumb Code     0  libinit2.o(.ARM.Collect$$libinit$$00000001)
    __rt_lib_init_alloca_1                   0x08000313   Thumb Code     0  libinit2.o(.ARM.Collect$$libinit$$0000002E)
    __rt_lib_init_argv_1                     0x08000313   Thumb Code     0  libinit2.o(.ARM.Collect$$libinit$$0000002C)
    __rt_lib_init_atexit_1                   0x08000313   Thumb Code     0  libinit2.o(.ARM.Collect$$libinit$$0000001B)
    __rt_lib_init_clock_1                    0x08000313   Thumb Code     0  libinit2.o(.ARM.Collect$$libinit$$00000021)
    __rt_lib_init_cpp_1                      0x08000313   Thumb Code     0  libinit2.o(.ARM.Collect$$libinit$$00000032)
    __rt_lib_init_exceptions_1               0x08000313   Thumb Code     0  libinit2.o(.ARM.Collect$$libinit$$00000030)
    __rt_lib_init_fp_trap_1                  0x08000313   Thumb Code     0  libinit2.o(.ARM.Collect$$libinit$$0000001F)
    __rt_lib_init_getenv_1                   0x08000313   Thumb Code     0  libinit2.o(.ARM.Collect$$libinit$$00000023)
    __rt_lib_init_heap_1                     0x08000313   Thumb Code     0  libinit2.o(.ARM.Collect$$libinit$$0000000A)
    __rt_lib_init_lc_collate_1               0x08000313   Thumb Code     0  libinit2.o(.ARM.Collect$$libinit$$00000011)
    __rt_lib_init_lc_ctype_1                 0x08000313   Thumb Code     0  libinit2.o(.ARM.Collect$$libinit$$00000013)
    __rt_lib_init_lc_monetary_1              0x08000313   Thumb Code     0  libinit2.o(.ARM.Collect$$libinit$$00000015)
    __rt_lib_init_lc_numeric_1               0x08000313   Thumb Code     0  libinit2.o(.ARM.Collect$$libinit$$00000017)
    __rt_lib_init_lc_time_1                  0x08000313   Thumb Code     0  libinit2.o(.ARM.Collect$$libinit$$00000019)
    __rt_lib_init_preinit_1                  0x08000313   Thumb Code     0  libinit2.o(.ARM.Collect$$libinit$$00000004)
    __rt_lib_init_rand_1                     0x08000313   Thumb Code     0  libinit2.o(.ARM.Collect$$libinit$$0000000E)
    __rt_lib_init_return                     0x08000313   Thumb Code     0  libinit2.o(.ARM.Collect$$libinit$$00000033)
    __rt_lib_init_signal_1                   0x08000313   Thumb Code     0  libinit2.o(.ARM.Collect$$libinit$$0000001D)
    __rt_lib_init_stdio_1                    0x08000313   Thumb Code     0  libinit2.o(.ARM.Collect$$libinit$$00000025)
    __rt_lib_init_user_alloc_1               0x08000313   Thumb Code     0  libinit2.o(.ARM.Collect$$libinit$$0000000C)
    __rt_lib_shutdown                        0x08000315   Thumb Code     0  libshutdown.o(.ARM.Collect$$libshutdown$$00000000)
    __rt_lib_shutdown_cpp_1                  0x08000317   Thumb Code     0  libshutdown2.o(.ARM.Collect$$libshutdown$$00000002)
    __rt_lib_shutdown_fp_trap_1              0x08000317   Thumb Code     0  libshutdown2.o(.ARM.Collect$$libshutdown$$00000007)
    __rt_lib_shutdown_heap_1                 0x08000317   Thumb Code     0  libshutdown2.o(.ARM.Collect$$libshutdown$$0000000F)
    __rt_lib_shutdown_return                 0x08000317   Thumb Code     0  libshutdown2.o(.ARM.Collect$$libshutdown$$00000010)
    __rt_lib_shutdown_signal_1               0x08000317   Thumb Code     0  libshutdown2.o(.ARM.Collect$$libshutdown$$0000000A)
    __rt_lib_shutdown_stdio_1                0x08000317   Thumb Code     0  libshutdown2.o(.ARM.Collect$$libshutdown$$00000004)
    __rt_lib_shutdown_user_alloc_1           0x08000317   Thumb Code     0  libshutdown2.o(.ARM.Collect$$libshutdown$$0000000C)
    __rt_entry                               0x08000319   Thumb Code     0  __rtentry.o(.ARM.Collect$$rtentry$$00000000)
    __rt_entry_presh_1                       0x08000319   Thumb Code     0  __rtentry2.o(.ARM.Collect$$rtentry$$00000002)
    __rt_entry_sh                            0x08000319   Thumb Code     0  __rtentry4.o(.ARM.Collect$$rtentry$$00000004)
    __rt_entry_li                            0x0800031f   Thumb Code     0  __rtentry2.o(.ARM.Collect$$rtentry$$0000000A)
    __rt_entry_postsh_1                      0x0800031f   Thumb Code     0  __rtentry2.o(.ARM.Collect$$rtentry$$00000009)
    __rt_entry_main                          0x08000323   Thumb Code     0  __rtentry2.o(.ARM.Collect$$rtentry$$0000000D)
    __rt_entry_postli_1                      0x08000323   Thumb Code     0  __rtentry2.o(.ARM.Collect$$rtentry$$0000000C)
    __rt_exit                                0x0800032b   Thumb Code     0  rtexit.o(.ARM.Collect$$rtexit$$00000000)
    __rt_exit_ls                             0x0800032d   Thumb Code     0  rtexit2.o(.ARM.Collect$$rtexit$$00000003)
    __rt_exit_prels_1                        0x0800032d   Thumb Code     0  rtexit2.o(.ARM.Collect$$rtexit$$00000002)
    __rt_exit_exit                           0x08000331   Thumb Code     0  rtexit2.o(.ARM.Collect$$rtexit$$00000004)
    Reset_Handler                            0x08000339   Thumb Code    12  startup_stm32h750xx.o(.text)
    ADC3_IRQHandler                          0x08000357   Thumb Code     0  startup_stm32h750xx.o(.text)
    ADC_IRQHandler                           0x08000357   Thumb Code     0  startup_stm32h750xx.o(.text)
    BDMA_Channel0_IRQHandler                 0x08000357   Thumb Code     0  startup_stm32h750xx.o(.text)
    BDMA_Channel1_IRQHandler                 0x08000357   Thumb Code     0  startup_stm32h750xx.o(.text)
    BDMA_Channel2_IRQHandler                 0x08000357   Thumb Code     0  startup_stm32h750xx.o(.text)
    BDMA_Channel3_IRQHandler                 0x08000357   Thumb Code     0  startup_stm32h750xx.o(.text)
    BDMA_Channel4_IRQHandler                 0x08000357   Thumb Code     0  startup_stm32h750xx.o(.text)
    BDMA_Channel5_IRQHandler                 0x08000357   Thumb Code     0  startup_stm32h750xx.o(.text)
    BDMA_Channel6_IRQHandler                 0x08000357   Thumb Code     0  startup_stm32h750xx.o(.text)
    BDMA_Channel7_IRQHandler                 0x08000357   Thumb Code     0  startup_stm32h750xx.o(.text)
    CEC_IRQHandler                           0x08000357   Thumb Code     0  startup_stm32h750xx.o(.text)
    COMP1_IRQHandler                         0x08000357   Thumb Code     0  startup_stm32h750xx.o(.text)
    CRS_IRQHandler                           0x08000357   Thumb Code     0  startup_stm32h750xx.o(.text)
    CRYP_IRQHandler                          0x08000357   Thumb Code     0  startup_stm32h750xx.o(.text)
    DCMI_IRQHandler                          0x08000357   Thumb Code     0  startup_stm32h750xx.o(.text)
    DFSDM1_FLT0_IRQHandler                   0x08000357   Thumb Code     0  startup_stm32h750xx.o(.text)
    DFSDM1_FLT1_IRQHandler                   0x08000357   Thumb Code     0  startup_stm32h750xx.o(.text)
    DFSDM1_FLT2_IRQHandler                   0x08000357   Thumb Code     0  startup_stm32h750xx.o(.text)
    DFSDM1_FLT3_IRQHandler                   0x08000357   Thumb Code     0  startup_stm32h750xx.o(.text)
    DMA1_Stream1_IRQHandler                  0x08000357   Thumb Code     0  startup_stm32h750xx.o(.text)
    DMA1_Stream2_IRQHandler                  0x08000357   Thumb Code     0  startup_stm32h750xx.o(.text)
    DMA1_Stream3_IRQHandler                  0x08000357   Thumb Code     0  startup_stm32h750xx.o(.text)
    DMA1_Stream4_IRQHandler                  0x08000357   Thumb Code     0  startup_stm32h750xx.o(.text)
    DMA1_Stream5_IRQHandler                  0x08000357   Thumb Code     0  startup_stm32h750xx.o(.text)
    DMA1_Stream6_IRQHandler                  0x08000357   Thumb Code     0  startup_stm32h750xx.o(.text)
    DMA1_Stream7_IRQHandler                  0x08000357   Thumb Code     0  startup_stm32h750xx.o(.text)
    DMA2D_IRQHandler                         0x08000357   Thumb Code     0  startup_stm32h750xx.o(.text)
    DMA2_Stream0_IRQHandler                  0x08000357   Thumb Code     0  startup_stm32h750xx.o(.text)
    DMA2_Stream1_IRQHandler                  0x08000357   Thumb Code     0  startup_stm32h750xx.o(.text)
    DMA2_Stream2_IRQHandler                  0x08000357   Thumb Code     0  startup_stm32h750xx.o(.text)
    DMA2_Stream3_IRQHandler                  0x08000357   Thumb Code     0  startup_stm32h750xx.o(.text)
    DMA2_Stream4_IRQHandler                  0x08000357   Thumb Code     0  startup_stm32h750xx.o(.text)
    DMA2_Stream5_IRQHandler                  0x08000357   Thumb Code     0  startup_stm32h750xx.o(.text)
    DMA2_Stream6_IRQHandler                  0x08000357   Thumb Code     0  startup_stm32h750xx.o(.text)
    DMA2_Stream7_IRQHandler                  0x08000357   Thumb Code     0  startup_stm32h750xx.o(.text)
    DMAMUX1_OVR_IRQHandler                   0x08000357   Thumb Code     0  startup_stm32h750xx.o(.text)
    DMAMUX2_OVR_IRQHandler                   0x08000357   Thumb Code     0  startup_stm32h750xx.o(.text)
    ECC_IRQHandler                           0x08000357   Thumb Code     0  startup_stm32h750xx.o(.text)
    ETH_IRQHandler                           0x08000357   Thumb Code     0  startup_stm32h750xx.o(.text)
    ETH_WKUP_IRQHandler                      0x08000357   Thumb Code     0  startup_stm32h750xx.o(.text)
    EXTI0_IRQHandler                         0x08000357   Thumb Code     0  startup_stm32h750xx.o(.text)
    EXTI15_10_IRQHandler                     0x08000357   Thumb Code     0  startup_stm32h750xx.o(.text)
    EXTI1_IRQHandler                         0x08000357   Thumb Code     0  startup_stm32h750xx.o(.text)
    EXTI2_IRQHandler                         0x08000357   Thumb Code     0  startup_stm32h750xx.o(.text)
    EXTI3_IRQHandler                         0x08000357   Thumb Code     0  startup_stm32h750xx.o(.text)
    EXTI4_IRQHandler                         0x08000357   Thumb Code     0  startup_stm32h750xx.o(.text)
    EXTI9_5_IRQHandler                       0x08000357   Thumb Code     0  startup_stm32h750xx.o(.text)
    FDCAN1_IT0_IRQHandler                    0x08000357   Thumb Code     0  startup_stm32h750xx.o(.text)
    FDCAN1_IT1_IRQHandler                    0x08000357   Thumb Code     0  startup_stm32h750xx.o(.text)
    FDCAN2_IT0_IRQHandler                    0x08000357   Thumb Code     0  startup_stm32h750xx.o(.text)
    FDCAN2_IT1_IRQHandler                    0x08000357   Thumb Code     0  startup_stm32h750xx.o(.text)
    FDCAN_CAL_IRQHandler                     0x08000357   Thumb Code     0  startup_stm32h750xx.o(.text)
    FLASH_IRQHandler                         0x08000357   Thumb Code     0  startup_stm32h750xx.o(.text)
    FMC_IRQHandler                           0x08000357   Thumb Code     0  startup_stm32h750xx.o(.text)
    FPU_IRQHandler                           0x08000357   Thumb Code     0  startup_stm32h750xx.o(.text)
    HASH_RNG_IRQHandler                      0x08000357   Thumb Code     0  startup_stm32h750xx.o(.text)
    HRTIM1_FLT_IRQHandler                    0x08000357   Thumb Code     0  startup_stm32h750xx.o(.text)
    HRTIM1_Master_IRQHandler                 0x08000357   Thumb Code     0  startup_stm32h750xx.o(.text)
    HRTIM1_TIMA_IRQHandler                   0x08000357   Thumb Code     0  startup_stm32h750xx.o(.text)
    HRTIM1_TIMB_IRQHandler                   0x08000357   Thumb Code     0  startup_stm32h750xx.o(.text)
    HRTIM1_TIMC_IRQHandler                   0x08000357   Thumb Code     0  startup_stm32h750xx.o(.text)
    HRTIM1_TIMD_IRQHandler                   0x08000357   Thumb Code     0  startup_stm32h750xx.o(.text)
    HRTIM1_TIME_IRQHandler                   0x08000357   Thumb Code     0  startup_stm32h750xx.o(.text)
    HSEM1_IRQHandler                         0x08000357   Thumb Code     0  startup_stm32h750xx.o(.text)
    I2C1_ER_IRQHandler                       0x08000357   Thumb Code     0  startup_stm32h750xx.o(.text)
    I2C1_EV_IRQHandler                       0x08000357   Thumb Code     0  startup_stm32h750xx.o(.text)
    I2C2_ER_IRQHandler                       0x08000357   Thumb Code     0  startup_stm32h750xx.o(.text)
    I2C2_EV_IRQHandler                       0x08000357   Thumb Code     0  startup_stm32h750xx.o(.text)
    I2C3_ER_IRQHandler                       0x08000357   Thumb Code     0  startup_stm32h750xx.o(.text)
    I2C3_EV_IRQHandler                       0x08000357   Thumb Code     0  startup_stm32h750xx.o(.text)
    I2C4_ER_IRQHandler                       0x08000357   Thumb Code     0  startup_stm32h750xx.o(.text)
    I2C4_EV_IRQHandler                       0x08000357   Thumb Code     0  startup_stm32h750xx.o(.text)
    JPEG_IRQHandler                          0x08000357   Thumb Code     0  startup_stm32h750xx.o(.text)
    LPTIM1_IRQHandler                        0x08000357   Thumb Code     0  startup_stm32h750xx.o(.text)
    LPTIM2_IRQHandler                        0x08000357   Thumb Code     0  startup_stm32h750xx.o(.text)
    LPTIM3_IRQHandler                        0x08000357   Thumb Code     0  startup_stm32h750xx.o(.text)
    LPTIM4_IRQHandler                        0x08000357   Thumb Code     0  startup_stm32h750xx.o(.text)
    LPTIM5_IRQHandler                        0x08000357   Thumb Code     0  startup_stm32h750xx.o(.text)
    LPUART1_IRQHandler                       0x08000357   Thumb Code     0  startup_stm32h750xx.o(.text)
    LTDC_ER_IRQHandler                       0x08000357   Thumb Code     0  startup_stm32h750xx.o(.text)
    LTDC_IRQHandler                          0x08000357   Thumb Code     0  startup_stm32h750xx.o(.text)
    MDIOS_IRQHandler                         0x08000357   Thumb Code     0  startup_stm32h750xx.o(.text)
    MDIOS_WKUP_IRQHandler                    0x08000357   Thumb Code     0  startup_stm32h750xx.o(.text)
    MDMA_IRQHandler                          0x08000357   Thumb Code     0  startup_stm32h750xx.o(.text)
    OTG_FS_EP1_IN_IRQHandler                 0x08000357   Thumb Code     0  startup_stm32h750xx.o(.text)
    OTG_FS_EP1_OUT_IRQHandler                0x08000357   Thumb Code     0  startup_stm32h750xx.o(.text)
    OTG_FS_IRQHandler                        0x08000357   Thumb Code     0  startup_stm32h750xx.o(.text)
    OTG_FS_WKUP_IRQHandler                   0x08000357   Thumb Code     0  startup_stm32h750xx.o(.text)
    OTG_HS_EP1_IN_IRQHandler                 0x08000357   Thumb Code     0  startup_stm32h750xx.o(.text)
    OTG_HS_EP1_OUT_IRQHandler                0x08000357   Thumb Code     0  startup_stm32h750xx.o(.text)
    OTG_HS_IRQHandler                        0x08000357   Thumb Code     0  startup_stm32h750xx.o(.text)
    OTG_HS_WKUP_IRQHandler                   0x08000357   Thumb Code     0  startup_stm32h750xx.o(.text)
    PVD_AVD_IRQHandler                       0x08000357   Thumb Code     0  startup_stm32h750xx.o(.text)
    QUADSPI_IRQHandler                       0x08000357   Thumb Code     0  startup_stm32h750xx.o(.text)
    RCC_IRQHandler                           0x08000357   Thumb Code     0  startup_stm32h750xx.o(.text)
    RTC_Alarm_IRQHandler                     0x08000357   Thumb Code     0  startup_stm32h750xx.o(.text)
    RTC_WKUP_IRQHandler                      0x08000357   Thumb Code     0  startup_stm32h750xx.o(.text)
    SAI1_IRQHandler                          0x08000357   Thumb Code     0  startup_stm32h750xx.o(.text)
    SAI2_IRQHandler                          0x08000357   Thumb Code     0  startup_stm32h750xx.o(.text)
    SAI3_IRQHandler                          0x08000357   Thumb Code     0  startup_stm32h750xx.o(.text)
    SAI4_IRQHandler                          0x08000357   Thumb Code     0  startup_stm32h750xx.o(.text)
    SDMMC1_IRQHandler                        0x08000357   Thumb Code     0  startup_stm32h750xx.o(.text)
    SDMMC2_IRQHandler                        0x08000357   Thumb Code     0  startup_stm32h750xx.o(.text)
    SPDIF_RX_IRQHandler                      0x08000357   Thumb Code     0  startup_stm32h750xx.o(.text)
    SPI1_IRQHandler                          0x08000357   Thumb Code     0  startup_stm32h750xx.o(.text)
    SPI2_IRQHandler                          0x08000357   Thumb Code     0  startup_stm32h750xx.o(.text)
    SPI3_IRQHandler                          0x08000357   Thumb Code     0  startup_stm32h750xx.o(.text)
    SPI4_IRQHandler                          0x08000357   Thumb Code     0  startup_stm32h750xx.o(.text)
    SPI5_IRQHandler                          0x08000357   Thumb Code     0  startup_stm32h750xx.o(.text)
    SPI6_IRQHandler                          0x08000357   Thumb Code     0  startup_stm32h750xx.o(.text)
    SWPMI1_IRQHandler                        0x08000357   Thumb Code     0  startup_stm32h750xx.o(.text)
    TAMP_STAMP_IRQHandler                    0x08000357   Thumb Code     0  startup_stm32h750xx.o(.text)
    TIM15_IRQHandler                         0x08000357   Thumb Code     0  startup_stm32h750xx.o(.text)
    TIM16_IRQHandler                         0x08000357   Thumb Code     0  startup_stm32h750xx.o(.text)
    TIM17_IRQHandler                         0x08000357   Thumb Code     0  startup_stm32h750xx.o(.text)
    TIM1_BRK_IRQHandler                      0x08000357   Thumb Code     0  startup_stm32h750xx.o(.text)
    TIM1_CC_IRQHandler                       0x08000357   Thumb Code     0  startup_stm32h750xx.o(.text)
    TIM1_TRG_COM_IRQHandler                  0x08000357   Thumb Code     0  startup_stm32h750xx.o(.text)
    TIM1_UP_IRQHandler                       0x08000357   Thumb Code     0  startup_stm32h750xx.o(.text)
    TIM2_IRQHandler                          0x08000357   Thumb Code     0  startup_stm32h750xx.o(.text)
    TIM3_IRQHandler                          0x08000357   Thumb Code     0  startup_stm32h750xx.o(.text)
    TIM4_IRQHandler                          0x08000357   Thumb Code     0  startup_stm32h750xx.o(.text)
    TIM5_IRQHandler                          0x08000357   Thumb Code     0  startup_stm32h750xx.o(.text)
    TIM6_DAC_IRQHandler                      0x08000357   Thumb Code     0  startup_stm32h750xx.o(.text)
    TIM8_BRK_TIM12_IRQHandler                0x08000357   Thumb Code     0  startup_stm32h750xx.o(.text)
    TIM8_CC_IRQHandler                       0x08000357   Thumb Code     0  startup_stm32h750xx.o(.text)
    TIM8_TRG_COM_TIM14_IRQHandler            0x08000357   Thumb Code     0  startup_stm32h750xx.o(.text)
    TIM8_UP_TIM13_IRQHandler                 0x08000357   Thumb Code     0  startup_stm32h750xx.o(.text)
    UART4_IRQHandler                         0x08000357   Thumb Code     0  startup_stm32h750xx.o(.text)
    UART5_IRQHandler                         0x08000357   Thumb Code     0  startup_stm32h750xx.o(.text)
    UART7_IRQHandler                         0x08000357   Thumb Code     0  startup_stm32h750xx.o(.text)
    UART8_IRQHandler                         0x08000357   Thumb Code     0  startup_stm32h750xx.o(.text)
    USART1_IRQHandler                        0x08000357   Thumb Code     0  startup_stm32h750xx.o(.text)
    USART2_IRQHandler                        0x08000357   Thumb Code     0  startup_stm32h750xx.o(.text)
    USART3_IRQHandler                        0x08000357   Thumb Code     0  startup_stm32h750xx.o(.text)
    USART6_IRQHandler                        0x08000357   Thumb Code     0  startup_stm32h750xx.o(.text)
    WAKEUP_PIN_IRQHandler                    0x08000357   Thumb Code     0  startup_stm32h750xx.o(.text)
    WWDG_IRQHandler                          0x08000357   Thumb Code     0  startup_stm32h750xx.o(.text)
    __user_initial_stackheap                 0x08000359   Thumb Code     0  startup_stm32h750xx.o(.text)
    __aeabi_memclr4                          0x08000381   Thumb Code     0  rt_memclr_w.o(.text)
    __aeabi_memclr8                          0x08000381   Thumb Code     0  rt_memclr_w.o(.text)
    __rt_memclr_w                            0x08000381   Thumb Code     0  rt_memclr_w.o(.text)
    _memset_w                                0x08000385   Thumb Code    74  rt_memclr_w.o(.text)
    __use_two_region_memory                  0x080003cf   Thumb Code     2  heapauxi.o(.text)
    __rt_heap_escrow$2region                 0x080003d1   Thumb Code     2  heapauxi.o(.text)
    __rt_heap_expand$2region                 0x080003d3   Thumb Code     2  heapauxi.o(.text)
    __read_errno                             0x080003d5   Thumb Code    10  _rserrno.o(.text)
    __set_errno                              0x080003df   Thumb Code    12  _rserrno.o(.text)
    __aeabi_errno_addr                       0x080003ed   Thumb Code     8  rt_errno_addr_intlibspace.o(.text)
    __errno$intlibspace                      0x080003ed   Thumb Code     0  rt_errno_addr_intlibspace.o(.text)
    __rt_errno_addr$intlibspace              0x080003ed   Thumb Code     0  rt_errno_addr_intlibspace.o(.text)
    __user_libspace                          0x080003f5   Thumb Code     8  libspace.o(.text)
    __user_perproc_libspace                  0x080003f5   Thumb Code     0  libspace.o(.text)
    __user_perthread_libspace                0x080003f5   Thumb Code     0  libspace.o(.text)
    __user_setup_stackheap                   0x080003fd   Thumb Code    74  sys_stackheap_outer.o(.text)
    exit                                     0x08000447   Thumb Code    18  exit.o(.text)
    _sys_exit                                0x08000459   Thumb Code     8  sys_exit.o(.text)
    __I$use$semihosting                      0x08000465   Thumb Code     0  use_no_semi.o(.text)
    __use_no_semihosting_swi                 0x08000465   Thumb Code     2  use_no_semi.o(.text)
    __semihosting_library_function           0x08000467   Thumb Code     0  indicate_semi.o(.text)
    ADC_ConfigureBoostMode                   0x08000469   Thumb Code   278  stm32h7xx_hal_adc.o(.text.ADC_ConfigureBoostMode)
    ADC_DMAConvCplt                          0x08000581   Thumb Code   100  stm32h7xx_hal_adc.o(.text.ADC_DMAConvCplt)
    ADC_DMAError                             0x080005e9   Thumb Code    26  stm32h7xx_hal_adc.o(.text.ADC_DMAError)
    ADC_DMAHalfConvCplt                      0x08000609   Thumb Code    10  stm32h7xx_hal_adc.o(.text.ADC_DMAHalfConvCplt)
    ADC_Enable                               0x08000619   Thumb Code   192  stm32h7xx_hal_adc.o(.text.ADC_Enable)
    BusFault_Handler                         0x080006d9   Thumb Code     2  stm32h7xx_it.o(.text.BusFault_Handler)
    DMA1_Stream0_IRQHandler                  0x080006e1   Thumb Code    16  stm32h7xx_it.o(.text.DMA1_Stream0_IRQHandler)
    DebugMon_Handler                         0x08000cf1   Thumb Code     2  stm32h7xx_it.o(.text.DebugMon_Handler)
    Error_Handler                            0x08000cf9   Thumb Code    10  main.o(.text.Error_Handler)
    ExitRun0Mode                             0x08000d09   Thumb Code    26  system_stm32h7xx.o(.text.ExitRun0Mode)
    HAL_ADCEx_MultiModeConfigChannel         0x08000d29   Thumb Code   272  stm32h7xx_hal_adc_ex.o(.text.HAL_ADCEx_MultiModeConfigChannel)
    HAL_ADC_ConfigChannel                    0x08000e39   Thumb Code   980  stm32h7xx_hal_adc.o(.text.HAL_ADC_ConfigChannel)
    HAL_ADC_ConvCpltCallback                 0x08001211   Thumb Code     2  stm32h7xx_hal_adc.o(.text.HAL_ADC_ConvCpltCallback)
    HAL_ADC_ConvHalfCpltCallback             0x08001219   Thumb Code    32  my_adc.o(.text.HAL_ADC_ConvHalfCpltCallback)
    HAL_ADC_ErrorCallback                    0x08001239   Thumb Code     2  stm32h7xx_hal_adc.o(.text.HAL_ADC_ErrorCallback)
    HAL_ADC_Init                             0x08001241   Thumb Code   554  stm32h7xx_hal_adc.o(.text.HAL_ADC_Init)
    HAL_ADC_MspInit                          0x08001471   Thumb Code   234  adc.o(.text.HAL_ADC_MspInit)
    HAL_ADC_Start_DMA                        0x08001561   Thumb Code   280  stm32h7xx_hal_adc.o(.text.HAL_ADC_Start_DMA)
    HAL_DMA_IRQHandler                       0x08001679   Thumb Code  2976  stm32h7xx_hal_dma.o(.text.HAL_DMA_IRQHandler)
    HAL_DMA_Init                             0x08002219   Thumb Code  1372  stm32h7xx_hal_dma.o(.text.HAL_DMA_Init)
    HAL_DMA_Start                            0x08002779   Thumb Code   510  stm32h7xx_hal_dma.o(.text.HAL_DMA_Start)
    HAL_DMA_Start_IT                         0x08002979   Thumb Code  1120  stm32h7xx_hal_dma.o(.text.HAL_DMA_Start_IT)
    HAL_Delay                                0x08002dd9   Thumb Code    40  stm32h7xx_hal.o(.text.HAL_Delay)
    HAL_GPIO_Init                            0x08002e01   Thumb Code   416  stm32h7xx_hal_gpio.o(.text.HAL_GPIO_Init)
    HAL_GPIO_WritePin                        0x08002fa1   Thumb Code    10  stm32h7xx_hal_gpio.o(.text.HAL_GPIO_WritePin)
    HAL_GetREVID                             0x08002fb1   Thumb Code    14  stm32h7xx_hal.o(.text.HAL_GetREVID)
    HAL_GetTick                              0x08002fc1   Thumb Code    12  stm32h7xx_hal.o(.text.HAL_GetTick)
    HAL_IncTick                              0x08002fd1   Thumb Code    26  stm32h7xx_hal.o(.text.HAL_IncTick)
    HAL_Init                                 0x08002ff1   Thumb Code   100  stm32h7xx_hal.o(.text.HAL_Init)
    HAL_InitTick                             0x08003059   Thumb Code    84  stm32h7xx_hal.o(.text.HAL_InitTick)
    HAL_MPU_ConfigRegion                     0x080030b1   Thumb Code    94  stm32h7xx_hal_cortex.o(.text.HAL_MPU_ConfigRegion)
    HAL_MPU_Disable                          0x08003111   Thumb Code    26  stm32h7xx_hal_cortex.o(.text.HAL_MPU_Disable)
    HAL_MPU_Enable                           0x08003131   Thumb Code    32  stm32h7xx_hal_cortex.o(.text.HAL_MPU_Enable)
    HAL_MspInit                              0x08003151   Thumb Code    32  stm32h7xx_hal_msp.o(.text.HAL_MspInit)
    HAL_NVIC_EnableIRQ                       0x08003171   Thumb Code     8  stm32h7xx_hal_cortex.o(.text.HAL_NVIC_EnableIRQ)
    HAL_NVIC_SetPriority                     0x08003179   Thumb Code    30  stm32h7xx_hal_cortex.o(.text.HAL_NVIC_SetPriority)
    HAL_NVIC_SetPriorityGrouping             0x08003199   Thumb Code     8  stm32h7xx_hal_cortex.o(.text.HAL_NVIC_SetPriorityGrouping)
    HAL_PWREx_ConfigSupply                   0x080031a1   Thumb Code    72  stm32h7xx_hal_pwr_ex.o(.text.HAL_PWREx_ConfigSupply)
    HAL_RCCEx_GetD3PCLK1Freq                 0x080031e9   Thumb Code    38  stm32h7xx_hal_rcc_ex.o(.text.HAL_RCCEx_GetD3PCLK1Freq)
    HAL_RCCEx_GetPLL1ClockFreq               0x08003211   Thumb Code   296  stm32h7xx_hal_rcc_ex.o(.text.HAL_RCCEx_GetPLL1ClockFreq)
    HAL_RCCEx_GetPLL2ClockFreq               0x08003339   Thumb Code   292  stm32h7xx_hal_rcc_ex.o(.text.HAL_RCCEx_GetPLL2ClockFreq)
    HAL_RCCEx_GetPLL3ClockFreq               0x08003461   Thumb Code   292  stm32h7xx_hal_rcc_ex.o(.text.HAL_RCCEx_GetPLL3ClockFreq)
    HAL_RCCEx_GetPeriphCLKFreq               0x08003589   Thumb Code   850  stm32h7xx_hal_rcc_ex.o(.text.HAL_RCCEx_GetPeriphCLKFreq)
    HAL_RCCEx_PeriphCLKConfig                0x080038e1   Thumb Code  2576  stm32h7xx_hal_rcc_ex.o(.text.HAL_RCCEx_PeriphCLKConfig)
    HAL_RCC_ClockConfig                      0x080042f1   Thumb Code   596  stm32h7xx_hal_rcc.o(.text.HAL_RCC_ClockConfig)
    HAL_RCC_GetHCLKFreq                      0x08004549   Thumb Code    76  stm32h7xx_hal_rcc.o(.text.HAL_RCC_GetHCLKFreq)
    HAL_RCC_GetPCLK1Freq                     0x08004599   Thumb Code    38  stm32h7xx_hal_rcc.o(.text.HAL_RCC_GetPCLK1Freq)
    HAL_RCC_GetSysClockFreq                  0x080045c1   Thumb Code   264  stm32h7xx_hal_rcc.o(.text.HAL_RCC_GetSysClockFreq)
    HAL_RCC_OscConfig                        0x080046c9   Thumb Code  1670  stm32h7xx_hal_rcc.o(.text.HAL_RCC_OscConfig)
    HAL_SPI_Init                             0x08004d51   Thumb Code   392  stm32h7xx_hal_spi.o(.text.HAL_SPI_Init)
    HAL_SPI_MspInit                          0x08004ed9   Thumb Code   148  spi.o(.text.HAL_SPI_MspInit)
    HAL_SPI_Receive                          0x08004f71   Thumb Code   654  stm32h7xx_hal_spi.o(.text.HAL_SPI_Receive)
    HAL_SPI_Transmit                         0x08005201   Thumb Code   580  stm32h7xx_hal_spi.o(.text.HAL_SPI_Transmit)
    HAL_SYSTICK_Config                       0x08005449   Thumb Code     8  stm32h7xx_hal_cortex.o(.text.HAL_SYSTICK_Config)
    HAL_TIMEx_Break2Callback                 0x08005451   Thumb Code     2  stm32h7xx_hal_tim_ex.o(.text.HAL_TIMEx_Break2Callback)
    HAL_TIMEx_BreakCallback                  0x08005459   Thumb Code     2  stm32h7xx_hal_tim_ex.o(.text.HAL_TIMEx_BreakCallback)
    HAL_TIMEx_CommutCallback                 0x08005461   Thumb Code     2  stm32h7xx_hal_tim_ex.o(.text.HAL_TIMEx_CommutCallback)
    HAL_TIMEx_ConfigBreakDeadTime            0x08005469   Thumb Code   166  stm32h7xx_hal_tim_ex.o(.text.HAL_TIMEx_ConfigBreakDeadTime)
    HAL_TIMEx_MasterConfigSynchronization    0x08005511   Thumb Code   204  stm32h7xx_hal_tim_ex.o(.text.HAL_TIMEx_MasterConfigSynchronization)
    HAL_TIMEx_PWMN_Start                     0x080055e1   Thumb Code   248  stm32h7xx_hal_tim_ex.o(.text.HAL_TIMEx_PWMN_Start)
    HAL_TIM_Base_Init                        0x080056d9   Thumb Code    96  stm32h7xx_hal_tim.o(.text.HAL_TIM_Base_Init)
    HAL_TIM_Base_MspInit                     0x08005739   Thumb Code   140  tim.o(.text.HAL_TIM_Base_MspInit)
    HAL_TIM_Base_Start                       0x080057c9   Thumb Code   170  stm32h7xx_hal_tim.o(.text.HAL_TIM_Base_Start)
    HAL_TIM_Base_Start_IT                    0x08005879   Thumb Code   178  stm32h7xx_hal_tim.o(.text.HAL_TIM_Base_Start_IT)
    HAL_TIM_ConfigClockSource                0x08005931   Thumb Code   270  stm32h7xx_hal_tim.o(.text.HAL_TIM_ConfigClockSource)
    HAL_TIM_IC_CaptureCallback               0x08005a41   Thumb Code     2  stm32h7xx_hal_tim.o(.text.HAL_TIM_IC_CaptureCallback)
    HAL_TIM_IRQHandler                       0x08005a49   Thumb Code   346  stm32h7xx_hal_tim.o(.text.HAL_TIM_IRQHandler)
    HAL_TIM_MspPostInit                      0x08005ba9   Thumb Code    94  tim.o(.text.HAL_TIM_MspPostInit)
    HAL_TIM_OC_DelayElapsedCallback          0x08005c09   Thumb Code     2  stm32h7xx_hal_tim.o(.text.HAL_TIM_OC_DelayElapsedCallback)
    HAL_TIM_PWM_ConfigChannel                0x08005c11   Thumb Code   188  stm32h7xx_hal_tim.o(.text.HAL_TIM_PWM_ConfigChannel)
    HAL_TIM_PWM_Init                         0x08005cd1   Thumb Code    96  stm32h7xx_hal_tim.o(.text.HAL_TIM_PWM_Init)
    HAL_TIM_PWM_MspInit                      0x08005d31   Thumb Code     2  stm32h7xx_hal_tim.o(.text.HAL_TIM_PWM_MspInit)
    HAL_TIM_PWM_PulseFinishedCallback        0x08005d39   Thumb Code     2  stm32h7xx_hal_tim.o(.text.HAL_TIM_PWM_PulseFinishedCallback)
    HAL_TIM_PeriodElapsedCallback            0x08005d41   Thumb Code    32  button_user.o(.text.HAL_TIM_PeriodElapsedCallback)
    HAL_TIM_TriggerCallback                  0x08005d61   Thumb Code     2  stm32h7xx_hal_tim.o(.text.HAL_TIM_TriggerCallback)
    HardFault_Handler                        0x08005d69   Thumb Code     2  stm32h7xx_it.o(.text.HardFault_Handler)
    LCD_GetBrightness                        0x08005d71   Thumb Code    14  lcd.o(.text.LCD_GetBrightness)
    LCD_Light                                0x08005d81   Thumb Code   110  lcd.o(.text.LCD_Light)
    LCD_SetBrightness                        0x08005df1   Thumb Code    14  lcd.o(.text.LCD_SetBrightness)
    LCD_ShowChar                             0x08005e01   Thumb Code   710  lcd.o(.text.LCD_ShowChar)
    LCD_ShowString                           0x080060c9   Thumb Code   106  lcd.o(.text.LCD_ShowString)
    LCD_Test                                 0x08006139   Thumb Code    90  lcd.o(.text.LCD_Test)
    MX_ADC1_Init                             0x08006399   Thumb Code   178  adc.o(.text.MX_ADC1_Init)
    MX_DMA_Init                              0x08006451   Thumb Code   156  dma.o(.text.MX_DMA_Init)
    MX_GPIO_Init                             0x080064f1   Thumb Code   324  gpio.o(.text.MX_GPIO_Init)
    MX_SPI4_Init                             0x08006639   Thumb Code    96  spi.o(.text.MX_SPI4_Init)
    MX_TIM1_Init                             0x08006699   Thumb Code   266  tim.o(.text.MX_TIM1_Init)
    MX_TIM2_Init                             0x080067a9   Thumb Code   118  tim.o(.text.MX_TIM2_Init)
    MX_TIM7_Init                             0x08006821   Thumb Code    84  tim.o(.text.MX_TIM7_Init)
    MemManage_Handler                        0x08006879   Thumb Code     2  stm32h7xx_it.o(.text.MemManage_Handler)
    NMI_Handler                              0x08006881   Thumb Code     2  stm32h7xx_it.o(.text.NMI_Handler)
    PendSV_Handler                           0x080068b9   Thumb Code     2  stm32h7xx_it.o(.text.PendSV_Handler)
    ST7735_DeInit                            0x08006c01   Thumb Code     4  st7735.o(.text.ST7735_DeInit)
    ST7735_DisplayOff                        0x08006c09   Thumb Code   150  st7735.o(.text.ST7735_DisplayOff)
    ST7735_DisplayOn                         0x08006ca1   Thumb Code   150  st7735.o(.text.ST7735_DisplayOn)
    ST7735_DrawBitmap                        0x08006d39   Thumb Code   280  st7735.o(.text.ST7735_DrawBitmap)
    ST7735_DrawHLine                         0x08006e51   Thumb Code    90  st7735.o(.text.ST7735_DrawHLine)
    ST7735_DrawVLine                         0x08006eb1   Thumb Code    74  st7735.o(.text.ST7735_DrawVLine)
    ST7735_FillRGBRect                       0x08006f01   Thumb Code   200  st7735.o(.text.ST7735_FillRGBRect)
    ST7735_FillRect                          0x08006fc9   Thumb Code    68  st7735.o(.text.ST7735_FillRect)
    ST7735_GetBrightness                     0x08007011   Thumb Code     6  st7735.o(.text.ST7735_GetBrightness)
    ST7735_GetOrientation                    0x08007019   Thumb Code    16  st7735.o(.text.ST7735_GetOrientation)
    ST7735_GetPixel                          0x08007029   Thumb Code    98  st7735.o(.text.ST7735_GetPixel)
    ST7735_GetXSize                          0x08007091   Thumb Code    16  st7735.o(.text.ST7735_GetXSize)
    ST7735_GetYSize                          0x080070a1   Thumb Code    16  st7735.o(.text.ST7735_GetYSize)
    ST7735_Init                              0x080070c9   Thumb Code  1226  st7735.o(.text.ST7735_Init)
    ST7735_ReadID                            0x08007599   Thumb Code    82  st7735.o(.text.ST7735_ReadID)
    ST7735_RegisterBusIO                     0x08007611   Thumb Code    94  st7735.o(.text.ST7735_RegisterBusIO)
    ST7735_SetBrightness                     0x08007681   Thumb Code     6  st7735.o(.text.ST7735_SetBrightness)
    ST7735_SetCursor                         0x08007689   Thumb Code   132  st7735.o(.text.ST7735_SetCursor)
    ST7735_SetOrientation                    0x08007851   Thumb Code   168  st7735.o(.text.ST7735_SetOrientation)
    ST7735_SetPixel                          0x080078f9   Thumb Code    82  st7735.o(.text.ST7735_SetPixel)
    SVC_Handler                              0x08007961   Thumb Code     2  stm32h7xx_it.o(.text.SVC_Handler)
    SysTick_Handler                          0x08007999   Thumb Code     8  stm32h7xx_it.o(.text.SysTick_Handler)
    SystemClock_Config                       0x080079a1   Thumb Code   188  main.o(.text.SystemClock_Config)
    SystemInit                               0x08007a61   Thumb Code   238  system_stm32h7xx.o(.text.SystemInit)
    TIM7_IRQHandler                          0x08007b51   Thumb Code    16  stm32h7xx_it.o(.text.TIM7_IRQHandler)
    TIM_Base_SetConfig                       0x08007b61   Thumb Code   320  stm32h7xx_hal_tim.o(.text.TIM_Base_SetConfig)
    TIM_ETR_SetConfig                        0x08007cc1   Thumb Code    20  stm32h7xx_hal_tim.o(.text.TIM_ETR_SetConfig)
    TIM_OC2_SetConfig                        0x08007db9   Thumb Code   172  stm32h7xx_hal_tim.o(.text.TIM_OC2_SetConfig)
    UsageFault_Handler                       0x08008101   Thumb Code     2  stm32h7xx_it.o(.text.UsageFault_Handler)
    adc_init                                 0x08008181   Thumb Code    40  my_adc.o(.text.adc_init)
    buttonInit                               0x08008231   Thumb Code    34  button.o(.text.buttonInit)
    buttonLink                               0x08008259   Thumb Code     8  button.o(.text.buttonLink)
    buttonScan                               0x08008261   Thumb Code   152  button.o(.text.buttonScan)
    button_init                              0x080082f9   Thumb Code    98  button_user.o(.text.button_init)
    doubleClickHandler                       0x080083a1   Thumb Code    20  button_user.o(.text.doubleClickHandler)
    fft_process                              0x08008539   Thumb Code   484  fft.o(.text.fft_process)
    longPressHandler                         0x080088e1   Thumb Code    20  button_user.o(.text.longPressHandler)
    main                                     0x080088f9   Thumb Code   812  main.o(.text.main)
    show_wave                                0x08008c89   Thumb Code   230  main.o(.text.show_wave)
    show_wave4                               0x08008d71   Thumb Code   230  main.o(.text.show_wave4)
    singleClickHandler                       0x08008e59   Thumb Code    20  button_user.o(.text.singleClickHandler)
    st7735_read_reg                          0x08008e71   Thumb Code    10  st7735_reg.o(.text.st7735_read_reg)
    st7735_recv_data                         0x08008e81   Thumb Code    10  st7735_reg.o(.text.st7735_recv_data)
    st7735_send_data                         0x08008e91   Thumb Code    10  st7735_reg.o(.text.st7735_send_data)
    st7735_write_reg                         0x08008ea1   Thumb Code    12  st7735_reg.o(.text.st7735_write_reg)
    uint32_to_str_dec                        0x08008eb1   Thumb Code    90  main.o(.text.uint32_to_str_dec)
    __ARM_fpclassifyf                        0x08008f0b   Thumb Code    38  fpclassifyf.o(i.__ARM_fpclassifyf)
    __hardfp_cosf                            0x08008f31   Thumb Code   280  cosf.o(i.__hardfp_cosf)
    __hardfp_log10f                          0x08009081   Thumb Code   332  log10f.o(i.__hardfp_log10f)
    __hardfp_sinf                            0x08009201   Thumb Code   344  sinf.o(i.__hardfp_sinf)
    __hardfp_sqrtf                           0x08009391   Thumb Code    58  sqrtf.o(i.__hardfp_sqrtf)
    __mathlib_flt_divzero                    0x080093cd   Thumb Code    14  funder.o(i.__mathlib_flt_divzero)
    __mathlib_flt_infnan                     0x080093e1   Thumb Code     6  funder.o(i.__mathlib_flt_infnan)
    __mathlib_flt_invalid                    0x080093e9   Thumb Code    10  funder.o(i.__mathlib_flt_invalid)
    __mathlib_flt_underflow                  0x080093f9   Thumb Code    10  funder.o(i.__mathlib_flt_underflow)
    __mathlib_rredf2                         0x08009409   Thumb Code   316  rredf.o(i.__mathlib_rredf2)
    _fp_init                                 0x0800955d   Thumb Code    26  fpinit.o(x$fpl$fpinit)
    __fplib_config_fpu_vfp                   0x08009575   Thumb Code     0  fpinit.o(x$fpl$fpinit)
    __fplib_config_pureend_doubles           0x08009575   Thumb Code     0  fpinit.o(x$fpl$fpinit)
    __I$use$fp                               0x08009576   Number         0  usenofp.o(x$fpl$usenofp)
    D1CorePrescTable                         0x080095d8   Data          16  system_stm32h7xx.o(.rodata.D1CorePrescTable)
    asc2_1206                                0x080095e8   Data        1140  lcd.o(.rodata.asc2_1206)
    asc2_1608                                0x08009a5c   Data        1520  lcd.o(.rodata.asc2_1608)
    Region$$Table$$Base                      0x0800a070   Number         0  anon$$obj.o(Region$$Table)
    Region$$Table$$Limit                     0x0800a090   Number         0  anon$$obj.o(Region$$Table)
    POINT_COLOR                              0x24000000   Data           2  lcd.o(.data.POINT_COLOR)
    ST7735_LCD_Driver                        0x24000004   Data          76  st7735.o(.data.ST7735_LCD_Driver)
    SystemCoreClock                          0x24000050   Data           4  system_stm32h7xx.o(.data.SystemCoreClock)
    SystemD2Clock                            0x24000054   Data           4  system_stm32h7xx.o(.data.SystemD2Clock)
    st7735_pIO                               0x24000058   Data          32  lcd.o(.data.st7735_pIO)
    uwTickFreq                               0x24000078   Data           1  stm32h7xx_hal.o(.data.uwTickFreq)
    uwTickPrio                               0x2400007c   Data           4  stm32h7xx_hal.o(.data.uwTickPrio)
    __libspace_start                         0x24000080   Data          96  libspace.o(.bss)
    BACK_COLOR                               0x240000e0   Data           2  lcd.o(.bss.BACK_COLOR)
    __temporary_stack_top$libspace           0x240000e0   Data           0  libspace.o(.bss)
    ST7735Ctx                                0x240000e4   Data          16  st7735.o(.bss.ST7735Ctx)
    a                                        0x240005f4   Data           4  fft.o(.bss.a)
    adc_buffer                               0x240005f8   Data       20480  my_adc.o(.bss.adc_buffer)
    adc_buffer_copy                          0x240055f8   Data       10240  my_adc.o(.bss.adc_buffer_copy)
    adc_dma_finish_cnt                       0x24007df8   Data           1  my_adc.o(.bss.adc_dma_finish_cnt)
    buf                                      0x24007df9   Data          15  main.o(.bss.buf)
    buffer_show                              0x24007e08   Data         160  my_adc.o(.bss.buffer_show)
    button1                                  0x24007ea8   Data          28  button_user.o(.bss.button1)
    db                                       0x24007ec4   Data         512  fft.o(.bss.db)
    db_values                                0x240080c4   Data        2048  fft.o(.bss.db_values)
    double_flag                              0x240088c4   Data           1  button_user.o(.bss.double_flag)
    f                                        0x240088c8   Data           4  fft.o(.bss.f)
    hadc1                                    0x2400b0cc   Data         100  adc.o(.bss.hadc1)
    hdma_adc1                                0x2400b130   Data         120  adc.o(.bss.hdma_adc1)
    hdma_memtomem_dma2_stream1               0x2400b1a8   Data         120  dma.o(.bss.hdma_memtomem_dma2_stream1)
    hspi4                                    0x2400b220   Data         136  spi.o(.bss.hspi4)
    htim1                                    0x2400b2a8   Data          76  tim.o(.bss.htim1)
    htim2                                    0x2400b2f4   Data          76  tim.o(.bss.htim2)
    htim7                                    0x2400b340   Data          76  tim.o(.bss.htim7)
    long_falg                                0x2400b38c   Data           1  button_user.o(.bss.long_falg)
    single_flag                              0x2400db8e   Data           1  button_user.o(.bss.single_flag)
    st7735_id                                0x2400db90   Data           4  lcd.o(.bss.st7735_id)
    st7735_pObj                              0x2400db94   Data          56  lcd.o(.bss.st7735_pObj)
    uwTick                                   0x2400dbcc   Data           4  stm32h7xx_hal.o(.bss.uwTick)



==============================================================================

Memory Map of the image

  Image Entry point : 0x08000299

  Load Region LR_IROM1 (Base: 0x08000000, Size: 0x0000a110, Max: 0x00020000, ABSOLUTE)

    Execution Region ER_IROM1 (Exec base: 0x08000000, Load base: 0x08000000, Size: 0x0000a090, Max: 0x00020000, ABSOLUTE)

    Exec Addr    Load Addr    Size         Type   Attr      Idx    E Section Name        Object

    0x08000000   0x08000000   0x00000298   Data   RO            3    RESET               startup_stm32h750xx.o
    0x08000298   0x08000298   0x00000008   Code   RO         2025  * !!!main             c_w.l(__main.o)
    0x080002a0   0x080002a0   0x00000034   Code   RO         2240    !!!scatter          c_w.l(__scatter.o)
    0x080002d4   0x080002d4   0x0000001a   Code   RO         2242    !!handler_copy      c_w.l(__scatter_copy.o)
    0x080002ee   0x080002ee   0x00000002   PAD
    0x080002f0   0x080002f0   0x0000001c   Code   RO         2244    !!handler_zi        c_w.l(__scatter_zi.o)
    0x0800030c   0x0800030c   0x00000002   Code   RO         2107    .ARM.Collect$$libinit$$00000000  c_w.l(libinit.o)
    0x0800030e   0x0800030e   0x00000004   Code   RO         2110    .ARM.Collect$$libinit$$00000001  c_w.l(libinit2.o)
    0x08000312   0x08000312   0x00000000   Code   RO         2113    .ARM.Collect$$libinit$$00000004  c_w.l(libinit2.o)
    0x08000312   0x08000312   0x00000000   Code   RO         2116    .ARM.Collect$$libinit$$0000000A  c_w.l(libinit2.o)
    0x08000312   0x08000312   0x00000000   Code   RO         2118    .ARM.Collect$$libinit$$0000000C  c_w.l(libinit2.o)
    0x08000312   0x08000312   0x00000000   Code   RO         2120    .ARM.Collect$$libinit$$0000000E  c_w.l(libinit2.o)
    0x08000312   0x08000312   0x00000000   Code   RO         2123    .ARM.Collect$$libinit$$00000011  c_w.l(libinit2.o)
    0x08000312   0x08000312   0x00000000   Code   RO         2125    .ARM.Collect$$libinit$$00000013  c_w.l(libinit2.o)
    0x08000312   0x08000312   0x00000000   Code   RO         2127    .ARM.Collect$$libinit$$00000015  c_w.l(libinit2.o)
    0x08000312   0x08000312   0x00000000   Code   RO         2129    .ARM.Collect$$libinit$$00000017  c_w.l(libinit2.o)
    0x08000312   0x08000312   0x00000000   Code   RO         2131    .ARM.Collect$$libinit$$00000019  c_w.l(libinit2.o)
    0x08000312   0x08000312   0x00000000   Code   RO         2133    .ARM.Collect$$libinit$$0000001B  c_w.l(libinit2.o)
    0x08000312   0x08000312   0x00000000   Code   RO         2135    .ARM.Collect$$libinit$$0000001D  c_w.l(libinit2.o)
    0x08000312   0x08000312   0x00000000   Code   RO         2137    .ARM.Collect$$libinit$$0000001F  c_w.l(libinit2.o)
    0x08000312   0x08000312   0x00000000   Code   RO         2139    .ARM.Collect$$libinit$$00000021  c_w.l(libinit2.o)
    0x08000312   0x08000312   0x00000000   Code   RO         2141    .ARM.Collect$$libinit$$00000023  c_w.l(libinit2.o)
    0x08000312   0x08000312   0x00000000   Code   RO         2143    .ARM.Collect$$libinit$$00000025  c_w.l(libinit2.o)
    0x08000312   0x08000312   0x00000000   Code   RO         2147    .ARM.Collect$$libinit$$0000002C  c_w.l(libinit2.o)
    0x08000312   0x08000312   0x00000000   Code   RO         2149    .ARM.Collect$$libinit$$0000002E  c_w.l(libinit2.o)
    0x08000312   0x08000312   0x00000000   Code   RO         2151    .ARM.Collect$$libinit$$00000030  c_w.l(libinit2.o)
    0x08000312   0x08000312   0x00000000   Code   RO         2153    .ARM.Collect$$libinit$$00000032  c_w.l(libinit2.o)
    0x08000312   0x08000312   0x00000002   Code   RO         2154    .ARM.Collect$$libinit$$00000033  c_w.l(libinit2.o)
    0x08000314   0x08000314   0x00000002   Code   RO         2176    .ARM.Collect$$libshutdown$$00000000  c_w.l(libshutdown.o)
    0x08000316   0x08000316   0x00000000   Code   RO         2191    .ARM.Collect$$libshutdown$$00000002  c_w.l(libshutdown2.o)
    0x08000316   0x08000316   0x00000000   Code   RO         2193    .ARM.Collect$$libshutdown$$00000004  c_w.l(libshutdown2.o)
    0x08000316   0x08000316   0x00000000   Code   RO         2196    .ARM.Collect$$libshutdown$$00000007  c_w.l(libshutdown2.o)
    0x08000316   0x08000316   0x00000000   Code   RO         2199    .ARM.Collect$$libshutdown$$0000000A  c_w.l(libshutdown2.o)
    0x08000316   0x08000316   0x00000000   Code   RO         2201    .ARM.Collect$$libshutdown$$0000000C  c_w.l(libshutdown2.o)
    0x08000316   0x08000316   0x00000000   Code   RO         2204    .ARM.Collect$$libshutdown$$0000000F  c_w.l(libshutdown2.o)
    0x08000316   0x08000316   0x00000002   Code   RO         2205    .ARM.Collect$$libshutdown$$00000010  c_w.l(libshutdown2.o)
    0x08000318   0x08000318   0x00000000   Code   RO         2052    .ARM.Collect$$rtentry$$00000000  c_w.l(__rtentry.o)
    0x08000318   0x08000318   0x00000000   Code   RO         2076    .ARM.Collect$$rtentry$$00000002  c_w.l(__rtentry2.o)
    0x08000318   0x08000318   0x00000006   Code   RO         2088    .ARM.Collect$$rtentry$$00000004  c_w.l(__rtentry4.o)
    0x0800031e   0x0800031e   0x00000000   Code   RO         2078    .ARM.Collect$$rtentry$$00000009  c_w.l(__rtentry2.o)
    0x0800031e   0x0800031e   0x00000004   Code   RO         2079    .ARM.Collect$$rtentry$$0000000A  c_w.l(__rtentry2.o)
    0x08000322   0x08000322   0x00000000   Code   RO         2081    .ARM.Collect$$rtentry$$0000000C  c_w.l(__rtentry2.o)
    0x08000322   0x08000322   0x00000008   Code   RO         2082    .ARM.Collect$$rtentry$$0000000D  c_w.l(__rtentry2.o)
    0x0800032a   0x0800032a   0x00000002   Code   RO         2108    .ARM.Collect$$rtexit$$00000000  c_w.l(rtexit.o)
    0x0800032c   0x0800032c   0x00000000   Code   RO         2156    .ARM.Collect$$rtexit$$00000002  c_w.l(rtexit2.o)
    0x0800032c   0x0800032c   0x00000004   Code   RO         2157    .ARM.Collect$$rtexit$$00000003  c_w.l(rtexit2.o)
    0x08000330   0x08000330   0x00000006   Code   RO         2158    .ARM.Collect$$rtexit$$00000004  c_w.l(rtexit2.o)
    0x08000336   0x08000336   0x00000002   PAD
    0x08000338   0x08000338   0x00000048   Code   RO            4    .text               startup_stm32h750xx.o
    0x08000380   0x08000380   0x0000004e   Code   RO         2021    .text               c_w.l(rt_memclr_w.o)
    0x080003ce   0x080003ce   0x00000006   Code   RO         2023    .text               c_w.l(heapauxi.o)
    0x080003d4   0x080003d4   0x00000016   Code   RO         2053    .text               c_w.l(_rserrno.o)
    0x080003ea   0x080003ea   0x00000002   PAD
    0x080003ec   0x080003ec   0x00000008   Code   RO         2093    .text               c_w.l(rt_errno_addr_intlibspace.o)
    0x080003f4   0x080003f4   0x00000008   Code   RO         2095    .text               c_w.l(libspace.o)
    0x080003fc   0x080003fc   0x0000004a   Code   RO         2098    .text               c_w.l(sys_stackheap_outer.o)
    0x08000446   0x08000446   0x00000012   Code   RO         2100    .text               c_w.l(exit.o)
    0x08000458   0x08000458   0x0000000c   Code   RO         2166    .text               c_w.l(sys_exit.o)
    0x08000464   0x08000464   0x00000002   Code   RO         2181    .text               c_w.l(use_no_semi.o)
    0x08000466   0x08000466   0x00000000   Code   RO         2183    .text               c_w.l(indicate_semi.o)
    0x08000466   0x08000466   0x00000002   PAD
    0x08000468   0x08000468   0x00000116   Code   RO          170    .text.ADC_ConfigureBoostMode  stm32h7xx_hal_adc.o
    0x0800057e   0x0800057e   0x00000002   PAD
    0x08000580   0x08000580   0x00000064   Code   RO          204    .text.ADC_DMAConvCplt  stm32h7xx_hal_adc.o
    0x080005e4   0x080005e4   0x00000004   PAD
    0x080005e8   0x080005e8   0x0000001a   Code   RO          208    .text.ADC_DMAError  stm32h7xx_hal_adc.o
    0x08000602   0x08000602   0x00000006   PAD
    0x08000608   0x08000608   0x0000000a   Code   RO          206    .text.ADC_DMAHalfConvCplt  stm32h7xx_hal_adc.o
    0x08000612   0x08000612   0x00000006   PAD
    0x08000618   0x08000618   0x000000c0   Code   RO          184    .text.ADC_Enable    stm32h7xx_hal_adc.o
    0x080006d8   0x080006d8   0x00000002   Code   RO          119    .text.BusFault_Handler  stm32h7xx_it.o
    0x080006da   0x080006da   0x00000006   PAD
    0x080006e0   0x080006e0   0x00000010   Code   RO          131    .text.DMA1_Stream0_IRQHandler  stm32h7xx_it.o
    0x080006f0   0x080006f0   0x0000011c   Code   RO          669    .text.DMA_CalcBaseAndBitshift  stm32h7xx_hal_dma.o
    0x0800080c   0x0800080c   0x00000004   PAD
    0x08000810   0x08000810   0x000000ec   Code   RO          671    .text.DMA_CalcDMAMUXChannelBaseAndMask  stm32h7xx_hal_dma.o
    0x080008fc   0x080008fc   0x00000004   PAD
    0x08000900   0x08000900   0x000000ae   Code   RO          673    .text.DMA_CalcDMAMUXRequestGenBaseAndMask  stm32h7xx_hal_dma.o
    0x080009ae   0x080009ae   0x00000002   PAD
    0x080009b0   0x080009b0   0x00000050   Code   RO          667    .text.DMA_CheckFifoParam  stm32h7xx_hal_dma.o
    0x08000a00   0x08000a00   0x000002ee   Code   RO          679    .text.DMA_SetConfig  stm32h7xx_hal_dma.o
    0x08000cee   0x08000cee   0x00000002   PAD
    0x08000cf0   0x08000cf0   0x00000002   Code   RO          125    .text.DebugMon_Handler  stm32h7xx_it.o
    0x08000cf2   0x08000cf2   0x00000006   PAD
    0x08000cf8   0x08000cf8   0x0000000a   Code   RO           23    .text.Error_Handler  main.o
    0x08000d02   0x08000d02   0x00000006   PAD
    0x08000d08   0x08000d08   0x0000001a   Code   RO         1790    .text.ExitRun0Mode  system_stm32h7xx.o
    0x08000d22   0x08000d22   0x00000006   PAD
    0x08000d28   0x08000d28   0x00000110   Code   RO          390    .text.HAL_ADCEx_MultiModeConfigChannel  stm32h7xx_hal_adc_ex.o
    0x08000e38   0x08000e38   0x000003d4   Code   RO          228    .text.HAL_ADC_ConfigChannel  stm32h7xx_hal_adc.o
    0x0800120c   0x0800120c   0x00000004   PAD
    0x08001210   0x08001210   0x00000002   Code   RO          218    .text.HAL_ADC_ConvCpltCallback  stm32h7xx_hal_adc.o
    0x08001212   0x08001212   0x00000006   PAD
    0x08001218   0x08001218   0x00000020   Code   RO         2006    .text.HAL_ADC_ConvHalfCpltCallback  my_adc.o
    0x08001238   0x08001238   0x00000002   Code   RO          224    .text.HAL_ADC_ErrorCallback  stm32h7xx_hal_adc.o
    0x0800123a   0x0800123a   0x00000006   PAD
    0x08001240   0x08001240   0x0000022a   Code   RO          150    .text.HAL_ADC_Init  stm32h7xx_hal_adc.o
    0x0800146a   0x0800146a   0x00000006   PAD
    0x08001470   0x08001470   0x000000ea   Code   RO           50    .text.HAL_ADC_MspInit  adc.o
    0x0800155a   0x0800155a   0x00000006   PAD
    0x08001560   0x08001560   0x00000118   Code   RO          202    .text.HAL_ADC_Start_DMA  stm32h7xx_hal_adc.o
    0x08001678   0x08001678   0x00000ba0   Code   RO          689    .text.HAL_DMA_IRQHandler  stm32h7xx_hal_dma.o
    0x08002218   0x08002218   0x0000055c   Code   RO          665    .text.HAL_DMA_Init  stm32h7xx_hal_dma.o
    0x08002774   0x08002774   0x00000004   PAD
    0x08002778   0x08002778   0x000001fe   Code   RO          677    .text.HAL_DMA_Start  stm32h7xx_hal_dma.o
    0x08002976   0x08002976   0x00000002   PAD
    0x08002978   0x08002978   0x00000460   Code   RO          681    .text.HAL_DMA_Start_IT  stm32h7xx_hal_dma.o
    0x08002dd8   0x08002dd8   0x00000028   Code   RO         1011    .text.HAL_Delay     stm32h7xx_hal.o
    0x08002e00   0x08002e00   0x000001a0   Code   RO          611    .text.HAL_GPIO_Init  stm32h7xx_hal_gpio.o
    0x08002fa0   0x08002fa0   0x0000000a   Code   RO          617    .text.HAL_GPIO_WritePin  stm32h7xx_hal_gpio.o
    0x08002faa   0x08002faa   0x00000006   PAD
    0x08002fb0   0x08002fb0   0x0000000e   Code   RO         1019    .text.HAL_GetREVID  stm32h7xx_hal.o
    0x08002fbe   0x08002fbe   0x00000002   PAD
    0x08002fc0   0x08002fc0   0x0000000c   Code   RO         1003    .text.HAL_GetTick   stm32h7xx_hal.o
    0x08002fcc   0x08002fcc   0x00000004   PAD
    0x08002fd0   0x08002fd0   0x0000001a   Code   RO         1001    .text.HAL_IncTick   stm32h7xx_hal.o
    0x08002fea   0x08002fea   0x00000006   PAD
    0x08002ff0   0x08002ff0   0x00000064   Code   RO          991    .text.HAL_Init      stm32h7xx_hal.o
    0x08003054   0x08003054   0x00000004   PAD
    0x08003058   0x08003058   0x00000054   Code   RO          993    .text.HAL_InitTick  stm32h7xx_hal.o
    0x080030ac   0x080030ac   0x00000004   PAD
    0x080030b0   0x080030b0   0x0000005e   Code   RO          949    .text.HAL_MPU_ConfigRegion  stm32h7xx_hal_cortex.o
    0x0800310e   0x0800310e   0x00000002   PAD
    0x08003110   0x08003110   0x0000001a   Code   RO          941    .text.HAL_MPU_Disable  stm32h7xx_hal_cortex.o
    0x0800312a   0x0800312a   0x00000006   PAD
    0x08003130   0x08003130   0x00000020   Code   RO          943    .text.HAL_MPU_Enable  stm32h7xx_hal_cortex.o
    0x08003150   0x08003150   0x00000020   Code   RO          142    .text.HAL_MspInit   stm32h7xx_hal_msp.o
    0x08003170   0x08003170   0x00000008   Code   RO          925    .text.HAL_NVIC_EnableIRQ  stm32h7xx_hal_cortex.o
    0x08003178   0x08003178   0x0000001e   Code   RO          917    .text.HAL_NVIC_SetPriority  stm32h7xx_hal_cortex.o
    0x08003196   0x08003196   0x00000002   PAD
    0x08003198   0x08003198   0x00000008   Code   RO          913    .text.HAL_NVIC_SetPriorityGrouping  stm32h7xx_hal_cortex.o
    0x080031a0   0x080031a0   0x00000048   Code   RO          825    .text.HAL_PWREx_ConfigSupply  stm32h7xx_hal_pwr_ex.o
    0x080031e8   0x080031e8   0x00000026   Code   RO          466    .text.HAL_RCCEx_GetD3PCLK1Freq  stm32h7xx_hal_rcc_ex.o
    0x0800320e   0x0800320e   0x00000002   PAD
    0x08003210   0x08003210   0x00000128   Code   RO          460    .text.HAL_RCCEx_GetPLL1ClockFreq  stm32h7xx_hal_rcc_ex.o
    0x08003338   0x08003338   0x00000124   Code   RO          462    .text.HAL_RCCEx_GetPLL2ClockFreq  stm32h7xx_hal_rcc_ex.o
    0x0800345c   0x0800345c   0x00000004   PAD
    0x08003460   0x08003460   0x00000124   Code   RO          464    .text.HAL_RCCEx_GetPLL3ClockFreq  stm32h7xx_hal_rcc_ex.o
    0x08003584   0x08003584   0x00000004   PAD
    0x08003588   0x08003588   0x00000352   Code   RO          458    .text.HAL_RCCEx_GetPeriphCLKFreq  stm32h7xx_hal_rcc_ex.o
    0x080038da   0x080038da   0x00000006   PAD
    0x080038e0   0x080038e0   0x00000a10   Code   RO          450    .text.HAL_RCCEx_PeriphCLKConfig  stm32h7xx_hal_rcc_ex.o
    0x080042f0   0x080042f0   0x00000254   Code   RO          418    .text.HAL_RCC_ClockConfig  stm32h7xx_hal_rcc.o
    0x08004544   0x08004544   0x00000004   PAD
    0x08004548   0x08004548   0x0000004c   Code   RO          428    .text.HAL_RCC_GetHCLKFreq  stm32h7xx_hal_rcc.o
    0x08004594   0x08004594   0x00000004   PAD
    0x08004598   0x08004598   0x00000026   Code   RO          430    .text.HAL_RCC_GetPCLK1Freq  stm32h7xx_hal_rcc.o
    0x080045be   0x080045be   0x00000002   PAD
    0x080045c0   0x080045c0   0x00000108   Code   RO          420    .text.HAL_RCC_GetSysClockFreq  stm32h7xx_hal_rcc.o
    0x080046c8   0x080046c8   0x00000686   Code   RO          416    .text.HAL_RCC_OscConfig  stm32h7xx_hal_rcc.o
    0x08004d4e   0x08004d4e   0x00000002   PAD
    0x08004d50   0x08004d50   0x00000188   Code   RO         1314    .text.HAL_SPI_Init  stm32h7xx_hal_spi.o
    0x08004ed8   0x08004ed8   0x00000094   Code   RO           77    .text.HAL_SPI_MspInit  spi.o
    0x08004f6c   0x08004f6c   0x00000004   PAD
    0x08004f70   0x08004f70   0x0000028e   Code   RO         1330    .text.HAL_SPI_Receive  stm32h7xx_hal_spi.o
    0x080051fe   0x080051fe   0x00000002   PAD
    0x08005200   0x08005200   0x00000244   Code   RO         1324    .text.HAL_SPI_Transmit  stm32h7xx_hal_spi.o
    0x08005444   0x08005444   0x00000004   PAD
    0x08005448   0x08005448   0x00000008   Code   RO          937    .text.HAL_SYSTICK_Config  stm32h7xx_hal_cortex.o
    0x08005450   0x08005450   0x00000002   Code   RO         1772    .text.HAL_TIMEx_Break2Callback  stm32h7xx_hal_tim_ex.o
    0x08005452   0x08005452   0x00000006   PAD
    0x08005458   0x08005458   0x00000002   Code   RO         1770    .text.HAL_TIMEx_BreakCallback  stm32h7xx_hal_tim_ex.o
    0x0800545a   0x0800545a   0x00000006   PAD
    0x08005460   0x08005460   0x00000002   Code   RO         1766    .text.HAL_TIMEx_CommutCallback  stm32h7xx_hal_tim_ex.o
    0x08005462   0x08005462   0x00000006   PAD
    0x08005468   0x08005468   0x000000a6   Code   RO         1756    .text.HAL_TIMEx_ConfigBreakDeadTime  stm32h7xx_hal_tim_ex.o
    0x0800550e   0x0800550e   0x00000002   PAD
    0x08005510   0x08005510   0x000000cc   Code   RO         1754    .text.HAL_TIMEx_MasterConfigSynchronization  stm32h7xx_hal_tim_ex.o
    0x080055dc   0x080055dc   0x00000004   PAD
    0x080055e0   0x080055e0   0x000000f8   Code   RO         1724    .text.HAL_TIMEx_PWMN_Start  stm32h7xx_hal_tim_ex.o
    0x080056d8   0x080056d8   0x00000060   Code   RO         1436    .text.HAL_TIM_Base_Init  stm32h7xx_hal_tim.o
    0x08005738   0x08005738   0x0000008c   Code   RO           98    .text.HAL_TIM_Base_MspInit  tim.o
    0x080057c4   0x080057c4   0x00000004   PAD
    0x080057c8   0x080057c8   0x000000aa   Code   RO         1446    .text.HAL_TIM_Base_Start  stm32h7xx_hal_tim.o
    0x08005872   0x08005872   0x00000006   PAD
    0x08005878   0x08005878   0x000000b2   Code   RO         1450    .text.HAL_TIM_Base_Start_IT  stm32h7xx_hal_tim.o
    0x0800592a   0x0800592a   0x00000006   PAD
    0x08005930   0x08005930   0x0000010e   Code   RO         1632    .text.HAL_TIM_ConfigClockSource  stm32h7xx_hal_tim.o
    0x08005a3e   0x08005a3e   0x00000002   PAD
    0x08005a40   0x08005a40   0x00000002   Code   RO         1572    .text.HAL_TIM_IC_CaptureCallback  stm32h7xx_hal_tim.o
    0x08005a42   0x08005a42   0x00000006   PAD
    0x08005a48   0x08005a48   0x0000015a   Code   RO         1570    .text.HAL_TIM_IRQHandler  stm32h7xx_hal_tim.o
    0x08005ba2   0x08005ba2   0x00000006   PAD
    0x08005ba8   0x08005ba8   0x0000005e   Code   RO           92    .text.HAL_TIM_MspPostInit  tim.o
    0x08005c06   0x08005c06   0x00000002   PAD
    0x08005c08   0x08005c08   0x00000002   Code   RO         1574    .text.HAL_TIM_OC_DelayElapsedCallback  stm32h7xx_hal_tim.o
    0x08005c0a   0x08005c0a   0x00000006   PAD
    0x08005c10   0x08005c10   0x000000bc   Code   RO         1606    .text.HAL_TIM_PWM_ConfigChannel  stm32h7xx_hal_tim.o
    0x08005ccc   0x08005ccc   0x00000004   PAD
    0x08005cd0   0x08005cd0   0x00000060   Code   RO         1490    .text.HAL_TIM_PWM_Init  stm32h7xx_hal_tim.o
    0x08005d30   0x08005d30   0x00000002   Code   RO         1492    .text.HAL_TIM_PWM_MspInit  stm32h7xx_hal_tim.o
    0x08005d32   0x08005d32   0x00000006   PAD
    0x08005d38   0x08005d38   0x00000002   Code   RO         1576    .text.HAL_TIM_PWM_PulseFinishedCallback  stm32h7xx_hal_tim.o
    0x08005d3a   0x08005d3a   0x00000006   PAD
    0x08005d40   0x08005d40   0x00000020   Code   RO         1861    .text.HAL_TIM_PeriodElapsedCallback  button_user.o
    0x08005d60   0x08005d60   0x00000002   Code   RO         1580    .text.HAL_TIM_TriggerCallback  stm32h7xx_hal_tim.o
    0x08005d62   0x08005d62   0x00000006   PAD
    0x08005d68   0x08005d68   0x00000002   Code   RO          115    .text.HardFault_Handler  stm32h7xx_it.o
    0x08005d6a   0x08005d6a   0x00000006   PAD
    0x08005d70   0x08005d70   0x0000000e   Code   RO         1893    .text.LCD_GetBrightness  lcd.o
    0x08005d7e   0x08005d7e   0x00000002   PAD
    0x08005d80   0x08005d80   0x0000006e   Code   RO         1891    .text.LCD_Light     lcd.o
    0x08005dee   0x08005dee   0x00000002   PAD
    0x08005df0   0x08005df0   0x0000000e   Code   RO         1889    .text.LCD_SetBrightness  lcd.o
    0x08005dfe   0x08005dfe   0x00000002   PAD
    0x08005e00   0x08005e00   0x000002c6   Code   RO         1895    .text.LCD_ShowChar  lcd.o
    0x080060c6   0x080060c6   0x00000002   PAD
    0x080060c8   0x080060c8   0x0000006a   Code   RO         1897    .text.LCD_ShowString  lcd.o
    0x08006132   0x08006132   0x00000006   PAD
    0x08006138   0x08006138   0x0000005a   Code   RO         1887    .text.LCD_Test      lcd.o
    0x08006192   0x08006192   0x00000006   PAD
    0x08006198   0x08006198   0x00000010   Code   RO          156    .text.LL_ADC_DisableDeepPowerDown  stm32h7xx_hal_adc.o
    0x080061a8   0x080061a8   0x00000012   Code   RO          280    .text.LL_ADC_Enable  stm32h7xx_hal_adc.o
    0x080061ba   0x080061ba   0x00000006   PAD
    0x080061c0   0x080061c0   0x00000014   Code   RO          160    .text.LL_ADC_EnableInternalRegulator  stm32h7xx_hal_adc.o
    0x080061d4   0x080061d4   0x00000004   PAD
    0x080061d8   0x080061d8   0x00000008   Code   RO          244    .text.LL_ADC_GetCommonPathInternalCh  stm32h7xx_hal_adc.o
    0x080061e0   0x080061e0   0x00000008   Code   RO          182    .text.LL_ADC_GetMultimode  stm32h7xx_hal_adc.o
    0x080061e8   0x080061e8   0x00000008   Code   RO          168    .text.LL_ADC_INJ_IsConversionOngoing  stm32h7xx_hal_adc.o
    0x080061f0   0x080061f0   0x00000008   Code   RO          154    .text.LL_ADC_IsDeepPowerDownEnabled  stm32h7xx_hal_adc.o
    0x080061f8   0x080061f8   0x00000008   Code   RO          164    .text.LL_ADC_IsEnabled  stm32h7xx_hal_adc.o
    0x08006200   0x08006200   0x00000008   Code   RO          304    .text.LL_ADC_IsEnabled  stm32h7xx_hal_adc_ex.o
    0x08006208   0x08006208   0x00000008   Code   RO          158    .text.LL_ADC_IsInternalRegulatorEnabled  stm32h7xx_hal_adc.o
    0x08006210   0x08006210   0x00000008   Code   RO          162    .text.LL_ADC_REG_IsConversionOngoing  stm32h7xx_hal_adc.o
    0x08006218   0x08006218   0x00000008   Code   RO          306    .text.LL_ADC_REG_IsConversionOngoing  stm32h7xx_hal_adc_ex.o
    0x08006220   0x08006220   0x0000000e   Code   RO          194    .text.LL_ADC_REG_IsTriggerSourceSWStart  stm32h7xx_hal_adc.o
    0x0800622e   0x0800622e   0x00000002   PAD
    0x08006230   0x08006230   0x0000000c   Code   RO          210    .text.LL_ADC_REG_SetDataTransferMode  stm32h7xx_hal_adc.o
    0x0800623c   0x0800623c   0x00000004   PAD
    0x08006240   0x08006240   0x0000002c   Code   RO          230    .text.LL_ADC_REG_SetSequencerRanks  stm32h7xx_hal_adc.o
    0x0800626c   0x0800626c   0x00000004   PAD
    0x08006270   0x08006270   0x00000012   Code   RO          186    .text.LL_ADC_REG_StartConversion  stm32h7xx_hal_adc.o
    0x08006282   0x08006282   0x00000006   PAD
    0x08006288   0x08006288   0x00000020   Code   RO          242    .text.LL_ADC_SetChannelPreselection  stm32h7xx_hal_adc.o
    0x080062a8   0x080062a8   0x00000028   Code   RO          232    .text.LL_ADC_SetChannelSamplingTime  stm32h7xx_hal_adc.o
    0x080062d0   0x080062d0   0x0000002a   Code   RO          240    .text.LL_ADC_SetChannelSingleDiff  stm32h7xx_hal_adc.o
    0x080062fa   0x080062fa   0x00000006   PAD
    0x08006300   0x08006300   0x0000000c   Code   RO          166    .text.LL_ADC_SetCommonClock  stm32h7xx_hal_adc.o
    0x0800630c   0x0800630c   0x00000004   PAD
    0x08006310   0x08006310   0x0000000c   Code   RO          246    .text.LL_ADC_SetCommonPathInternalCh  stm32h7xx_hal_adc.o
    0x0800631c   0x0800631c   0x00000004   PAD
    0x08006320   0x08006320   0x00000014   Code   RO          238    .text.LL_ADC_SetDataRightShift  stm32h7xx_hal_adc.o
    0x08006334   0x08006334   0x00000004   PAD
    0x08006338   0x08006338   0x00000016   Code   RO          234    .text.LL_ADC_SetOffset  stm32h7xx_hal_adc.o
    0x0800634e   0x0800634e   0x00000002   PAD
    0x08006350   0x08006350   0x00000010   Code   RO          236    .text.LL_ADC_SetOffsetSignedSaturation  stm32h7xx_hal_adc.o
    0x08006360   0x08006360   0x00000036   Code   RO           19    .text.MPU_Config    main.o
    0x08006396   0x08006396   0x00000002   PAD
    0x08006398   0x08006398   0x000000b2   Code   RO           48    .text.MX_ADC1_Init  adc.o
    0x0800644a   0x0800644a   0x00000006   PAD
    0x08006450   0x08006450   0x0000009c   Code   RO           64    .text.MX_DMA_Init   dma.o
    0x080064ec   0x080064ec   0x00000004   PAD
    0x080064f0   0x080064f0   0x00000144   Code   RO           39    .text.MX_GPIO_Init  gpio.o
    0x08006634   0x08006634   0x00000004   PAD
    0x08006638   0x08006638   0x00000060   Code   RO           75    .text.MX_SPI4_Init  spi.o
    0x08006698   0x08006698   0x0000010a   Code   RO           90    .text.MX_TIM1_Init  tim.o
    0x080067a2   0x080067a2   0x00000006   PAD
    0x080067a8   0x080067a8   0x00000076   Code   RO           94    .text.MX_TIM2_Init  tim.o
    0x0800681e   0x0800681e   0x00000002   PAD
    0x08006820   0x08006820   0x00000054   Code   RO           96    .text.MX_TIM7_Init  tim.o
    0x08006874   0x08006874   0x00000004   PAD
    0x08006878   0x08006878   0x00000002   Code   RO          117    .text.MemManage_Handler  stm32h7xx_it.o
    0x0800687a   0x0800687a   0x00000006   PAD
    0x08006880   0x08006880   0x00000002   Code   RO          113    .text.NMI_Handler   stm32h7xx_it.o
    0x08006882   0x08006882   0x00000006   PAD
    0x08006888   0x08006888   0x0000002e   Code   RO          923    .text.NVIC_EncodePriority  stm32h7xx_hal_cortex.o
    0x080068b6   0x080068b6   0x00000002   PAD
    0x080068b8   0x080068b8   0x00000002   Code   RO          127    .text.PendSV_Handler  stm32h7xx_it.o
    0x080068ba   0x080068ba   0x00000006   PAD
    0x080068c0   0x080068c0   0x0000011e   Code   RO          452    .text.RCCEx_PLL2_Config  stm32h7xx_hal_rcc_ex.o
    0x080069de   0x080069de   0x00000002   PAD
    0x080069e0   0x080069e0   0x0000011e   Code   RO          454    .text.RCCEx_PLL3_Config  stm32h7xx_hal_rcc_ex.o
    0x08006afe   0x08006afe   0x00000002   PAD
    0x08006b00   0x08006b00   0x000000b6   Code   RO         1326    .text.SPI_CloseTransfer  stm32h7xx_hal_spi.o
    0x08006bb6   0x08006bb6   0x00000002   PAD
    0x08006bb8   0x08006bb8   0x00000012   Code   RO         1316    .text.SPI_GetPacketSize  stm32h7xx_hal_spi.o
    0x08006bca   0x08006bca   0x00000006   PAD
    0x08006bd0   0x08006bd0   0x0000002e   Code   RO         1328    .text.SPI_WaitOnFlagUntilTimeout  stm32h7xx_hal_spi.o
    0x08006bfe   0x08006bfe   0x00000002   PAD
    0x08006c00   0x08006c00   0x00000004   Code   RO         1925    .text.ST7735_DeInit  st7735.o
    0x08006c04   0x08006c04   0x00000004   PAD
    0x08006c08   0x08006c08   0x00000096   Code   RO         1931    .text.ST7735_DisplayOff  st7735.o
    0x08006c9e   0x08006c9e   0x00000002   PAD
    0x08006ca0   0x08006ca0   0x00000096   Code   RO         1929    .text.ST7735_DisplayOn  st7735.o
    0x08006d36   0x08006d36   0x00000002   PAD
    0x08006d38   0x08006d38   0x00000118   Code   RO         1943    .text.ST7735_DrawBitmap  st7735.o
    0x08006e50   0x08006e50   0x0000005a   Code   RO         1947    .text.ST7735_DrawHLine  st7735.o
    0x08006eaa   0x08006eaa   0x00000006   PAD
    0x08006eb0   0x08006eb0   0x0000004a   Code   RO         1949    .text.ST7735_DrawVLine  st7735.o
    0x08006efa   0x08006efa   0x00000006   PAD
    0x08006f00   0x08006f00   0x000000c8   Code   RO         1945    .text.ST7735_FillRGBRect  st7735.o
    0x08006fc8   0x08006fc8   0x00000044   Code   RO         1951    .text.ST7735_FillRect  st7735.o
    0x0800700c   0x0800700c   0x00000004   PAD
    0x08007010   0x08007010   0x00000006   Code   RO         1935    .text.ST7735_GetBrightness  st7735.o
    0x08007016   0x08007016   0x00000002   PAD
    0x08007018   0x08007018   0x00000010   Code   RO         1939    .text.ST7735_GetOrientation  st7735.o
    0x08007028   0x08007028   0x00000062   Code   RO         1953    .text.ST7735_GetPixel  st7735.o
    0x0800708a   0x0800708a   0x00000006   PAD
    0x08007090   0x08007090   0x00000010   Code   RO         1957    .text.ST7735_GetXSize  st7735.o
    0x080070a0   0x080070a0   0x00000010   Code   RO         1959    .text.ST7735_GetYSize  st7735.o
    0x080070b0   0x080070b0   0x00000018   Code   RO         1971    .text.ST7735_IO_Delay  st7735.o
    0x080070c8   0x080070c8   0x000004ca   Code   RO         1923    .text.ST7735_Init   st7735.o
    0x08007592   0x08007592   0x00000006   PAD
    0x08007598   0x08007598   0x00000052   Code   RO         1927    .text.ST7735_ReadID  st7735.o
    0x080075ea   0x080075ea   0x00000006   PAD
    0x080075f0   0x080075f0   0x0000000c   Code   RO         1963    .text.ST7735_ReadRegWrap  st7735.o
    0x080075fc   0x080075fc   0x00000004   PAD
    0x08007600   0x08007600   0x0000000c   Code   RO         1969    .text.ST7735_RecvDataWrap  st7735.o
    0x0800760c   0x0800760c   0x00000004   PAD
    0x08007610   0x08007610   0x0000005e   Code   RO         1961    .text.ST7735_RegisterBusIO  st7735.o
    0x0800766e   0x0800766e   0x00000002   PAD
    0x08007670   0x08007670   0x0000000c   Code   RO         1967    .text.ST7735_SendDataWrap  st7735.o
    0x0800767c   0x0800767c   0x00000004   PAD
    0x08007680   0x08007680   0x00000006   Code   RO         1933    .text.ST7735_SetBrightness  st7735.o
    0x08007686   0x08007686   0x00000002   PAD
    0x08007688   0x08007688   0x0000008c   Code   RO         1941    .text.ST7735_SetCursor  st7735.o
    0x08007714   0x08007714   0x00000004   PAD
    0x08007718   0x08007718   0x00000134   Code   RO         1973    .text.ST7735_SetDisplayWindow  st7735.o
    0x0800784c   0x0800784c   0x00000004   PAD
    0x08007850   0x08007850   0x000000a8   Code   RO         1937    .text.ST7735_SetOrientation  st7735.o
    0x080078f8   0x080078f8   0x00000052   Code   RO         1955    .text.ST7735_SetPixel  st7735.o
    0x0800794a   0x0800794a   0x00000006   PAD
    0x08007950   0x08007950   0x00000010   Code   RO         1965    .text.ST7735_WriteRegWrap  st7735.o
    0x08007960   0x08007960   0x00000002   Code   RO          123    .text.SVC_Handler   stm32h7xx_it.o
    0x08007962   0x08007962   0x00000006   PAD
    0x08007968   0x08007968   0x0000002e   Code   RO          939    .text.SysTick_Config  stm32h7xx_hal_cortex.o
    0x08007996   0x08007996   0x00000002   PAD
    0x08007998   0x08007998   0x00000008   Code   RO          129    .text.SysTick_Handler  stm32h7xx_it.o
    0x080079a0   0x080079a0   0x000000bc   Code   RO           21    .text.SystemClock_Config  main.o
    0x08007a5c   0x08007a5c   0x00000004   PAD
    0x08007a60   0x08007a60   0x000000ee   Code   RO         1786    .text.SystemInit    system_stm32h7xx.o
    0x08007b4e   0x08007b4e   0x00000002   PAD
    0x08007b50   0x08007b50   0x00000010   Code   RO          133    .text.TIM7_IRQHandler  stm32h7xx_it.o
    0x08007b60   0x08007b60   0x00000140   Code   RO         1440    .text.TIM_Base_SetConfig  stm32h7xx_hal_tim.o
    0x08007ca0   0x08007ca0   0x0000001e   Code   RO         1708    .text.TIM_CCxNChannelCmd  stm32h7xx_hal_tim_ex.o
    0x08007cbe   0x08007cbe   0x00000002   PAD
    0x08007cc0   0x08007cc0   0x00000014   Code   RO         1630    .text.TIM_ETR_SetConfig  stm32h7xx_hal_tim.o
    0x08007cd4   0x08007cd4   0x00000004   PAD
    0x08007cd8   0x08007cd8   0x00000016   Code   RO         1636    .text.TIM_ITRx_SetConfig  stm32h7xx_hal_tim.o
    0x08007cee   0x08007cee   0x00000002   PAD
    0x08007cf0   0x08007cf0   0x000000c2   Code   RO         1584    .text.TIM_OC1_SetConfig  stm32h7xx_hal_tim.o
    0x08007db2   0x08007db2   0x00000006   PAD
    0x08007db8   0x08007db8   0x000000ac   Code   RO         1586    .text.TIM_OC2_SetConfig  stm32h7xx_hal_tim.o
    0x08007e64   0x08007e64   0x00000004   PAD
    0x08007e68   0x08007e68   0x000000ac   Code   RO         1588    .text.TIM_OC3_SetConfig  stm32h7xx_hal_tim.o
    0x08007f14   0x08007f14   0x00000004   PAD
    0x08007f18   0x08007f18   0x00000084   Code   RO         1590    .text.TIM_OC4_SetConfig  stm32h7xx_hal_tim.o
    0x08007f9c   0x08007f9c   0x00000004   PAD
    0x08007fa0   0x08007fa0   0x00000082   Code   RO         1592    .text.TIM_OC5_SetConfig  stm32h7xx_hal_tim.o
    0x08008022   0x08008022   0x00000006   PAD
    0x08008028   0x08008028   0x00000084   Code   RO         1594    .text.TIM_OC6_SetConfig  stm32h7xx_hal_tim.o
    0x080080ac   0x080080ac   0x00000004   PAD
    0x080080b0   0x080080b0   0x00000022   Code   RO         1634    .text.TIM_TI1_ConfigInputStage  stm32h7xx_hal_tim.o
    0x080080d2   0x080080d2   0x00000006   PAD
    0x080080d8   0x080080d8   0x00000024   Code   RO         1638    .text.TIM_TI2_ConfigInputStage  stm32h7xx_hal_tim.o
    0x080080fc   0x080080fc   0x00000004   PAD
    0x08008100   0x08008100   0x00000002   Code   RO          121    .text.UsageFault_Handler  stm32h7xx_it.o
    0x08008102   0x08008102   0x00000006   PAD
    0x08008108   0x08008108   0x00000020   Code   RO          927    .text.__NVIC_EnableIRQ  stm32h7xx_hal_cortex.o
    0x08008128   0x08008128   0x00000010   Code   RO          919    .text.__NVIC_GetPriorityGrouping  stm32h7xx_hal_cortex.o
    0x08008138   0x08008138   0x00000022   Code   RO          921    .text.__NVIC_SetPriority  stm32h7xx_hal_cortex.o
    0x0800815a   0x0800815a   0x00000006   PAD
    0x08008160   0x08008160   0x00000020   Code   RO          915    .text.__NVIC_SetPriorityGrouping  stm32h7xx_hal_cortex.o
    0x08008180   0x08008180   0x00000028   Code   RO         2004    .text.adc_init      my_adc.o
    0x080081a8   0x080081a8   0x0000001c   Code   RO         1811    .text.amplitude_to_db  fft.o
    0x080081c4   0x080081c4   0x00000004   PAD
    0x080081c8   0x080081c8   0x00000064   Code   RO         1815    .text.bit_reverse   fft.o
    0x0800822c   0x0800822c   0x00000004   PAD
    0x08008230   0x08008230   0x00000022   Code   RO         1837    .text.buttonInit    button.o
    0x08008252   0x08008252   0x00000006   PAD
    0x08008258   0x08008258   0x00000008   Code   RO         1839    .text.buttonLink    button.o
    0x08008260   0x08008260   0x00000098   Code   RO         1841    .text.buttonScan    button.o
    0x080082f8   0x080082f8   0x00000062   Code   RO         1857    .text.button_init   button_user.o
    0x0800835a   0x0800835a   0x00000006   PAD
    0x08008360   0x08008360   0x0000000a   Code   RO         1819    .text.complex_add   fft.o
    0x0800836a   0x0800836a   0x00000006   PAD
    0x08008370   0x08008370   0x0000001a   Code   RO         1817    .text.complex_mul   fft.o
    0x0800838a   0x0800838a   0x00000006   PAD
    0x08008390   0x08008390   0x0000000a   Code   RO         1821    .text.complex_sub   fft.o
    0x0800839a   0x0800839a   0x00000006   PAD
    0x080083a0   0x080083a0   0x00000014   Code   RO         1853    .text.doubleClickHandler  button_user.o
    0x080083b4   0x080083b4   0x00000004   PAD
    0x080083b8   0x080083b8   0x0000011c   Code   RO         1807    .text.fft_compute   fft.o
    0x080084d4   0x080084d4   0x00000004   PAD
    0x080084d8   0x080084d8   0x00000060   Code   RO         1809    .text.fft_compute_magnitude  fft.o
    0x08008538   0x08008538   0x000001e4   Code   RO         1805    .text.fft_process   fft.o
    0x0800871c   0x0800871c   0x00000004   PAD
    0x08008720   0x08008720   0x00000010   Code   RO         1859    .text.getButtonVal  button_user.o
    0x08008730   0x08008730   0x00000008   Code   RO         1885    .text.lcd_gettick   lcd.o
    0x08008738   0x08008738   0x00000014   Code   RO         1875    .text.lcd_init      lcd.o
    0x0800874c   0x0800874c   0x00000004   PAD
    0x08008750   0x08008750   0x00000078   Code   RO         1879    .text.lcd_readreg   lcd.o
    0x080087c8   0x080087c8   0x00000048   Code   RO         1883    .text.lcd_recvdata  lcd.o
    0x08008810   0x08008810   0x00000046   Code   RO         1881    .text.lcd_senddata  lcd.o
    0x08008856   0x08008856   0x00000002   PAD
    0x08008858   0x08008858   0x00000086   Code   RO         1877    .text.lcd_writereg  lcd.o
    0x080088de   0x080088de   0x00000002   PAD
    0x080088e0   0x080088e0   0x00000014   Code   RO         1855    .text.longPressHandler  button_user.o
    0x080088f4   0x080088f4   0x00000004   PAD
    0x080088f8   0x080088f8   0x0000032c   Code   RO           17    .text.main          main.o
    0x08008c24   0x08008c24   0x00000004   PAD
    0x08008c28   0x08008c28   0x0000005c   Code   RO         1813    .text.map_db_to_uint8  fft.o
    0x08008c84   0x08008c84   0x00000004   PAD
    0x08008c88   0x08008c88   0x000000e6   Code   RO           11    .text.show_wave     main.o
    0x08008d6e   0x08008d6e   0x00000002   PAD
    0x08008d70   0x08008d70   0x000000e6   Code   RO           13    .text.show_wave4    main.o
    0x08008e56   0x08008e56   0x00000002   PAD
    0x08008e58   0x08008e58   0x00000014   Code   RO         1851    .text.singleClickHandler  button_user.o
    0x08008e6c   0x08008e6c   0x00000004   PAD
    0x08008e70   0x08008e70   0x0000000a   Code   RO         1988    .text.st7735_read_reg  st7735_reg.o
    0x08008e7a   0x08008e7a   0x00000006   PAD
    0x08008e80   0x08008e80   0x0000000a   Code   RO         1994    .text.st7735_recv_data  st7735_reg.o
    0x08008e8a   0x08008e8a   0x00000006   PAD
    0x08008e90   0x08008e90   0x0000000a   Code   RO         1992    .text.st7735_send_data  st7735_reg.o
    0x08008e9a   0x08008e9a   0x00000006   PAD
    0x08008ea0   0x08008ea0   0x0000000c   Code   RO         1990    .text.st7735_write_reg  st7735_reg.o
    0x08008eac   0x08008eac   0x00000004   PAD
    0x08008eb0   0x08008eb0   0x0000005a   Code   RO           15    .text.uint32_to_str_dec  main.o
    0x08008f0a   0x08008f0a   0x00000026   Code   RO         2056    i.__ARM_fpclassifyf  m_wv.l(fpclassifyf.o)
    0x08008f30   0x08008f30   0x00000150   Code   RO         2027    i.__hardfp_cosf     m_wv.l(cosf.o)
    0x08009080   0x08009080   0x00000180   Code   RO         2033    i.__hardfp_log10f   m_wv.l(log10f.o)
    0x08009200   0x08009200   0x00000190   Code   RO         2040    i.__hardfp_sinf     m_wv.l(sinf.o)
    0x08009390   0x08009390   0x0000003a   Code   RO         2046    i.__hardfp_sqrtf    m_wv.l(sqrtf.o)
    0x080093ca   0x080093ca   0x00000002   PAD
    0x080093cc   0x080093cc   0x00000014   Code   RO         2058    i.__mathlib_flt_divzero  m_wv.l(funder.o)
    0x080093e0   0x080093e0   0x00000006   Code   RO         2059    i.__mathlib_flt_infnan  m_wv.l(funder.o)
    0x080093e6   0x080093e6   0x00000002   PAD
    0x080093e8   0x080093e8   0x00000010   Code   RO         2061    i.__mathlib_flt_invalid  m_wv.l(funder.o)
    0x080093f8   0x080093f8   0x00000010   Code   RO         2064    i.__mathlib_flt_underflow  m_wv.l(funder.o)
    0x08009408   0x08009408   0x00000154   Code   RO         2072    i.__mathlib_rredf2  m_wv.l(rredf.o)
    0x0800955c   0x0800955c   0x0000001a   Code   RO         2164    x$fpl$fpinit        fz_wv.l(fpinit.o)
    0x08009576   0x08009576   0x00000000   Code   RO         2055    x$fpl$usenofp       fz_wv.l(usenofp.o)
    0x08009576   0x08009576   0x00000002   PAD
    0x08009578   0x08009578   0x00000040   Data   RO         2036    .constdata          m_wv.l(log10f.o)
    0x080095b8   0x080095b8   0x00000020   Data   RO         2073    .constdata          m_wv.l(rredf.o)
    0x080095d8   0x080095d8   0x00000010   Data   RO         1794    .rodata.D1CorePrescTable  system_stm32h7xx.o
    0x080095e8   0x080095e8   0x00000474   Data   RO         1902    .rodata.asc2_1206   lcd.o
    0x08009a5c   0x08009a5c   0x000005f0   Data   RO         1903    .rodata.asc2_1608   lcd.o
    0x0800a04c   0x0800a04c   0x00000020   Data   RO         1977    .rodata.cst32       st7735.o
    0x0800a06c   0x0800a06c   0x00000003   Data   RO           29    .rodata.str1.1      main.o
    0x0800a06f   0x0800a06f   0x00000001   PAD
    0x0800a070   0x0800a070   0x00000020   Data   RO         2239    Region$$Table       anon$$obj.o


    Execution Region RW_IRAM1 (Exec base: 0x20000000, Load base: 0x0800a090, Size: 0x00000000, Max: 0x00020000, ABSOLUTE)

    **** No section assigned to this execution region ****


    Execution Region RW_IRAM2 (Exec base: 0x24000000, Load base: 0x0800a090, Size: 0x0000e1d0, Max: 0x00080000, ABSOLUTE)

    Exec Addr    Load Addr    Size         Type   Attr      Idx    E Section Name        Object

    0x24000000   0x0800a090   0x00000002   Data   RW         1907    .data.POINT_COLOR   lcd.o
    0x24000002   0x0800a092   0x00000002   PAD
    0x24000004   0x0800a094   0x0000004c   Data   RW         1975    .data.ST7735_LCD_Driver  st7735.o
    0x24000050   0x0800a0e0   0x00000004   Data   RW         1792    .data.SystemCoreClock  system_stm32h7xx.o
    0x24000054   0x0800a0e4   0x00000004   Data   RW         1793    .data.SystemD2Clock  system_stm32h7xx.o
    0x24000058   0x0800a0e8   0x00000020   Data   RW         1904    .data.st7735_pIO    lcd.o
    0x24000078   0x0800a108   0x00000001   Data   RW         1088    .data.uwTickFreq    stm32h7xx_hal.o
    0x24000079   0x0800a109   0x00000003   PAD
    0x2400007c   0x0800a10c   0x00000004   Data   RW         1087    .data.uwTickPrio    stm32h7xx_hal.o
    0x24000080        -       0x00000060   Zero   RW         2096    .bss                c_w.l(libspace.o)
    0x240000e0        -       0x00000002   Zero   RW         1908    .bss.BACK_COLOR     lcd.o
    0x240000e2   0x0800a110   0x00000002   PAD
    0x240000e4        -       0x00000010   Zero   RW         1976    .bss.ST7735Ctx      st7735.o
    0x240000f4        -       0x00000280   Zero   RW         1979    .bss.ST7735_DrawHLine.pdata  st7735.o
    0x24000374        -       0x00000280   Zero   RW         1978    .bss.ST7735_FillRGBRect.pdata  st7735.o
    0x240005f4        -       0x00000004   Zero   RW         1827    .bss.a              fft.o
    0x240005f8        -       0x00005000   Zero   RW         2008    .bss.adc_buffer     my_adc.o
    0x240055f8        -       0x00002800   Zero   RW         2010    .bss.adc_buffer_copy  my_adc.o
    0x24007df8        -       0x00000001   Zero   RW         2009    .bss.adc_dma_finish_cnt  my_adc.o
    0x24007df9        -       0x0000000f   Zero   RW           26    .bss.buf            main.o
    0x24007e08        -       0x000000a0   Zero   RW         2011    .bss.buffer_show    my_adc.o
    0x24007ea8        -       0x0000001c   Zero   RW         1866    .bss.button1        button_user.o
    0x24007ec4        -       0x00000200   Zero   RW         1828    .bss.db             fft.o
    0x240080c4        -       0x00000800   Zero   RW         1825    .bss.db_values      fft.o
    0x240088c4        -       0x00000001   Zero   RW         1864    .bss.double_flag    button_user.o
    0x240088c5   0x0800a110   0x00000003   PAD
    0x240088c8        -       0x00000004   Zero   RW         1826    .bss.f              fft.o
    0x240088cc        -       0x00002000   Zero   RW         1823    .bss.fft_process.fft_input  fft.o
    0x2400a8cc        -       0x00000800   Zero   RW         1824    .bss.fft_process.magnitude  fft.o
    0x2400b0cc        -       0x00000064   Zero   RW           54    .bss.hadc1          adc.o
    0x2400b130        -       0x00000078   Zero   RW           55    .bss.hdma_adc1      adc.o
    0x2400b1a8        -       0x00000078   Zero   RW           66    .bss.hdma_memtomem_dma2_stream1  dma.o
    0x2400b220        -       0x00000088   Zero   RW           81    .bss.hspi4          spi.o
    0x2400b2a8        -       0x0000004c   Zero   RW          102    .bss.htim1          tim.o
    0x2400b2f4        -       0x0000004c   Zero   RW          103    .bss.htim2          tim.o
    0x2400b340        -       0x0000004c   Zero   RW          104    .bss.htim7          tim.o
    0x2400b38c        -       0x00000001   Zero   RW         1865    .bss.long_falg      button_user.o
    0x2400b38d        -       0x00000001   Zero   RW           28    .bss.main.flag1     main.o
    0x2400b38e        -       0x00002800   Zero   RW           27    .bss.main.temp      main.o
    0x2400db8e        -       0x00000001   Zero   RW         1863    .bss.single_flag    button_user.o
    0x2400db8f   0x0800a110   0x00000001   PAD
    0x2400db90        -       0x00000004   Zero   RW         1906    .bss.st7735_id      lcd.o
    0x2400db94        -       0x00000038   Zero   RW         1905    .bss.st7735_pObj    lcd.o
    0x2400dbcc        -       0x00000004   Zero   RW         1089    .bss.uwTick         stm32h7xx_hal.o
    0x2400dbd0        -       0x00000200   Zero   RW            2    HEAP                startup_stm32h750xx.o
    0x2400ddd0        -       0x00000400   Zero   RW            1    STACK               startup_stm32h750xx.o


==============================================================================

Image component sizes


      Code (inc. data)   RO Data    RW Data    ZI Data      Debug   Object Name

       412          0          0          0        220       8932   adc.o
       194          4          0          0          0       1958   button.o
       206          0          0          0         31       5725   button_user.o
       156          0          0          0        120       7322   dma.o
      1130         40          0          0      12808       6168   fft.o
       324          0          0          0          0       3074   gpio.o
      1468          0       2660         34         62       7480   lcd.o
      1614         28          3          0      10256       7356   main.o
        72          0          0          0      30881       4627   my_adc.o
       244          0          0          0        136       8134   spi.o
      3350          8         32         76       1296      16390   st7735.o
        42          0          0          0          0       2069   st7735_reg.o
        72         30        664          0       1536        820   startup_stm32h750xx.o
       276          0          0          5          4      15003   stm32h7xx_hal.o
      2818         12          0          0          0      23958   stm32h7xx_hal_adc.o
       288          0          0          0          0      23440   stm32h7xx_hal_adc_ex.o
       412          0          0          0          0      12939   stm32h7xx_hal_cortex.o
      7502         12          0          0          0      17901   stm32h7xx_hal_dma.o
       426          0          0          0          0       6936   stm32h7xx_hal_gpio.o
        32          0          0          0          0       2187   stm32h7xx_hal_msp.o
        72          0          0          0          0      10630   stm32h7xx_hal_pwr_ex.o
      2644         16          0          0          0      11360   stm32h7xx_hal_rcc.o
      4916        192          0          0          0      17349   stm32h7xx_hal_rcc_ex.o
      1872          0          0          0          0      21000   stm32h7xx_hal_spi.o
      2718          6          0          0          0      50975   stm32h7xx_hal_tim.o
       654          0          0          0          0      22270   stm32h7xx_hal_tim_ex.o
        56          0          0          0          0       1190   stm32h7xx_it.o
       264          0         16          8          0       6160   system_stm32h7xx.o
       702          0          0          0        228      11560   tim.o

    ----------------------------------------------------------------------
     35562        384       3408        128      57584     334913   Object Totals
         0          0         32          0          0          0   (incl. Generated)
       626         36          1          5          6          0   (incl. Padding)

    ----------------------------------------------------------------------

      Code (inc. data)   RO Data    RW Data    ZI Data      Debug   Library Member Name

         8          0          0          0          0         68   __main.o
         0          0          0          0          0          0   __rtentry.o
        12          0          0          0          0          0   __rtentry2.o
         6          0          0          0          0          0   __rtentry4.o
        52          8          0          0          0          0   __scatter.o
        26          0          0          0          0          0   __scatter_copy.o
        28          0          0          0          0          0   __scatter_zi.o
        22          0          0          0          0        100   _rserrno.o
        18          0          0          0          0         80   exit.o
         6          0          0          0          0        152   heapauxi.o
         0          0          0          0          0          0   indicate_semi.o
         2          0          0          0          0          0   libinit.o
         6          0          0          0          0          0   libinit2.o
         2          0          0          0          0          0   libshutdown.o
         2          0          0          0          0          0   libshutdown2.o
         8          4          0          0         96         68   libspace.o
         8          4          0          0          0         68   rt_errno_addr_intlibspace.o
        78          0          0          0          0         80   rt_memclr_w.o
         2          0          0          0          0          0   rtexit.o
        10          0          0          0          0          0   rtexit2.o
        12          4          0          0          0         68   sys_exit.o
        74          0          0          0          0         80   sys_stackheap_outer.o
         2          0          0          0          0         68   use_no_semi.o
        26          0          0          0          0        116   fpinit.o
         0          0          0          0          0          0   usenofp.o
       336         56          0          0          0        136   cosf.o
        38          0          0          0          0        116   fpclassifyf.o
        58         18          0          0          0        464   funder.o
       384         52         64          0          0        140   log10f.o
       340         24         32          0          0        160   rredf.o
       400         56          0          0          0        212   sinf.o
        58          0          0          0          0        136   sqrtf.o

    ----------------------------------------------------------------------
      2038        226         96          0         96       2312   Library Totals
        14          0          0          0          0          0   (incl. Padding)

    ----------------------------------------------------------------------

      Code (inc. data)   RO Data    RW Data    ZI Data      Debug   Library Name

       384         20          0          0         96        832   c_w.l
        26          0          0          0          0        116   fz_wv.l
      1614        206         96          0          0       1364   m_wv.l

    ----------------------------------------------------------------------
      2038        226         96          0         96       2312   Library Totals

    ----------------------------------------------------------------------

==============================================================================


      Code (inc. data)   RO Data    RW Data    ZI Data      Debug   

     37600        610       3504        128      57680     335581   Grand Totals
     37600        610       3504        128      57680     335581   ELF Image Totals
     37600        610       3504        128          0          0   ROM Totals

==============================================================================

    Total RO  Size (Code + RO Data)                41104 (  40.14kB)
    Total RW  Size (RW Data + ZI Data)             57808 (  56.45kB)
    Total ROM Size (Code + RO Data + RW Data)      41232 (  40.27kB)

==============================================================================

